Archive member included to satisfy reference by file (symbol)

C:/Users/krzys/.pico-sdk/toolchain/14_2_Rel1/bin/../lib/gcc/arm-none-eabi/14.2.1/thumb/v6-m/nofp\libgcc.a(_dvmd_tls.o)
                              CMakeFiles/main.dir/C_/Users/krzys/.pico-sdk/sdk/2.1.1/src/rp2_common/pico_divider/divider_hardware.S.obj (__aeabi_idiv0)
C:/Users/krzys/.pico-sdk/toolchain/14_2_Rel1/bin/../lib/gcc/arm-none-eabi/14.2.1/thumb/v6-m/nofp\libg.a(libc_a-calloc.o)
                              CMakeFiles/main.dir/C_/Users/krzys/.pico-sdk/sdk/2.1.1/src/rp2_common/pico_malloc/malloc.c.obj (calloc)
C:/Users/krzys/.pico-sdk/toolchain/14_2_Rel1/bin/../lib/gcc/arm-none-eabi/14.2.1/thumb/v6-m/nofp\libg.a(libc_a-callocr.o)
                              C:/Users/krzys/.pico-sdk/toolchain/14_2_Rel1/bin/../lib/gcc/arm-none-eabi/14.2.1/thumb/v6-m/nofp\libg.a(libc_a-calloc.o) (_calloc_r)
C:/Users/krzys/.pico-sdk/toolchain/14_2_Rel1/bin/../lib/gcc/arm-none-eabi/14.2.1/thumb/v6-m/nofp\libg.a(libc_a-malloc.o)
                              CMakeFiles/main.dir/C_/Users/krzys/.pico-sdk/sdk/2.1.1/src/rp2_common/pico_malloc/malloc.c.obj (malloc)
C:/Users/krzys/.pico-sdk/toolchain/14_2_Rel1/bin/../lib/gcc/arm-none-eabi/14.2.1/thumb/v6-m/nofp\libg.a(libc_a-mallocr.o)
                              C:/Users/krzys/.pico-sdk/toolchain/14_2_Rel1/bin/../lib/gcc/arm-none-eabi/14.2.1/thumb/v6-m/nofp\libg.a(libc_a-callocr.o) (_malloc_r)
C:/Users/krzys/.pico-sdk/toolchain/14_2_Rel1/bin/../lib/gcc/arm-none-eabi/14.2.1/thumb/v6-m/nofp\libg.a(libc_a-mlock.o)
                              C:/Users/krzys/.pico-sdk/toolchain/14_2_Rel1/bin/../lib/gcc/arm-none-eabi/14.2.1/thumb/v6-m/nofp\libg.a(libc_a-mallocr.o) (__malloc_lock)
C:/Users/krzys/.pico-sdk/toolchain/14_2_Rel1/bin/../lib/gcc/arm-none-eabi/14.2.1/thumb/v6-m/nofp\libg.a(libc_a-realloc.o)
                              CMakeFiles/main.dir/C_/Users/krzys/.pico-sdk/sdk/2.1.1/src/rp2_common/pico_malloc/malloc.c.obj (realloc)
C:/Users/krzys/.pico-sdk/toolchain/14_2_Rel1/bin/../lib/gcc/arm-none-eabi/14.2.1/thumb/v6-m/nofp\libg.a(libc_a-reallocr.o)
                              C:/Users/krzys/.pico-sdk/toolchain/14_2_Rel1/bin/../lib/gcc/arm-none-eabi/14.2.1/thumb/v6-m/nofp\libg.a(libc_a-realloc.o) (_realloc_r)
C:/Users/krzys/.pico-sdk/toolchain/14_2_Rel1/bin/../lib/gcc/arm-none-eabi/14.2.1/thumb/v6-m/nofp\libg.a(libc_a-memcmp.o)
                              CMakeFiles/main.dir/C_/Users/krzys/.pico-sdk/sdk/2.1.1/src/rp2_common/pico_atomic/atomic.c.obj (memcmp)
C:/Users/krzys/.pico-sdk/toolchain/14_2_Rel1/bin/../lib/gcc/arm-none-eabi/14.2.1/thumb/v6-m/nofp\libg.a(libc_a-memmove.o)
                              C:/Users/krzys/.pico-sdk/toolchain/14_2_Rel1/bin/../lib/gcc/arm-none-eabi/14.2.1/thumb/v6-m/nofp\libg.a(libc_a-reallocr.o) (memmove)
C:/Users/krzys/.pico-sdk/toolchain/14_2_Rel1/bin/../lib/gcc/arm-none-eabi/14.2.1/thumb/v6-m/nofp\libg.a(libc_a-lcltime_r.o)
                              CMakeFiles/main.dir/C_/Users/krzys/.pico-sdk/sdk/2.1.1/src/common/pico_util/datetime.c.obj (localtime_r)
C:/Users/krzys/.pico-sdk/toolchain/14_2_Rel1/bin/../lib/gcc/arm-none-eabi/14.2.1/thumb/v6-m/nofp\libg.a(libc_a-mktime.o)
                              CMakeFiles/main.dir/C_/Users/krzys/.pico-sdk/sdk/2.1.1/src/common/pico_util/datetime.c.obj (mktime)
C:/Users/krzys/.pico-sdk/toolchain/14_2_Rel1/bin/../lib/gcc/arm-none-eabi/14.2.1/thumb/v6-m/nofp\libg.a(libc_a-month_lengths.o)
                              C:/Users/krzys/.pico-sdk/toolchain/14_2_Rel1/bin/../lib/gcc/arm-none-eabi/14.2.1/thumb/v6-m/nofp\libg.a(libc_a-lcltime_r.o) (__month_lengths)
C:/Users/krzys/.pico-sdk/toolchain/14_2_Rel1/bin/../lib/gcc/arm-none-eabi/14.2.1/thumb/v6-m/nofp\libg.a(libc_a-tzcalc_limits.o)
                              C:/Users/krzys/.pico-sdk/toolchain/14_2_Rel1/bin/../lib/gcc/arm-none-eabi/14.2.1/thumb/v6-m/nofp\libg.a(libc_a-lcltime_r.o) (__tzcalc_limits)
C:/Users/krzys/.pico-sdk/toolchain/14_2_Rel1/bin/../lib/gcc/arm-none-eabi/14.2.1/thumb/v6-m/nofp\libg.a(libc_a-tzlock.o)
                              C:/Users/krzys/.pico-sdk/toolchain/14_2_Rel1/bin/../lib/gcc/arm-none-eabi/14.2.1/thumb/v6-m/nofp\libg.a(libc_a-lcltime_r.o) (__tz_lock)
C:/Users/krzys/.pico-sdk/toolchain/14_2_Rel1/bin/../lib/gcc/arm-none-eabi/14.2.1/thumb/v6-m/nofp\libg.a(libc_a-tzset.o)
                              C:/Users/krzys/.pico-sdk/toolchain/14_2_Rel1/bin/../lib/gcc/arm-none-eabi/14.2.1/thumb/v6-m/nofp\libg.a(libc_a-lcltime_r.o) (_tzset_unlocked)
C:/Users/krzys/.pico-sdk/toolchain/14_2_Rel1/bin/../lib/gcc/arm-none-eabi/14.2.1/thumb/v6-m/nofp\libg.a(libc_a-tzset_r.o)
                              C:/Users/krzys/.pico-sdk/toolchain/14_2_Rel1/bin/../lib/gcc/arm-none-eabi/14.2.1/thumb/v6-m/nofp\libg.a(libc_a-tzset.o) (_tzset_unlocked_r)
C:/Users/krzys/.pico-sdk/toolchain/14_2_Rel1/bin/../lib/gcc/arm-none-eabi/14.2.1/thumb/v6-m/nofp\libg.a(libc_a-tzvars.o)
[...]
Memory Configuration

Name             Origin             Length             Attributes
FLASH            0x10000000         0x00200000         xr
RAM              0x20000000         0x00040000         xrw
SCRATCH_X        0x20040000         0x00001000         xrw
SCRATCH_Y        0x20041000         0x00001000         xrw
*default*        0x00000000         0xffffffff

Linker script and memory map

LOAD C:/Users/krzys/.pico-sdk/toolchain/14_2_Rel1/bin/../lib/gcc/arm-none-eabi/14.2.1/thumb/v6-m/nofp/crti.o
LOAD C:/Users/krzys/.pico-sdk/toolchain/14_2_Rel1/bin/../lib/gcc/arm-none-eabi/14.2.1/thumb/v6-m/nofp/crtbegin.o
LOAD C:/Users/krzys/.pico-sdk/toolchain/14_2_Rel1/bin/../lib/gcc/arm-none-eabi/14.2.1/thumb/v6-m/nofp/crt0.o

.flash_begin    0x10000000        0x0
                0x10000000                        __flash_binary_start = .

.boot2          0x10000000      0x100
                0x10000000                        __boot2_start__ = .
 *(.boot2)
 .boot2         0x10000000      0x100 pico-sdk\src\rp2040\boot_stage2\CMakeFiles\bs2_default_library.dir\bs2_default_padded_checksummed.S.obj
                0x10000100                        __boot2_end__ = .
                0x00000001                        ASSERT (((__boot2_end__ - __boot2_start__) == 0x100), ERROR: Pico second stage bootloader must be 256 bytes in size)

.text           0x10000100     0x4d54
                0x10000100                        __logical_binary_start = .
 *(.vectors)
 .vectors       0x10000100       0xd4 CMakeFiles/main.dir/C_/Users/krzys/.pico-sdk/sdk/2.1.1/src/rp2_common/pico_crt0/crt0.S.obj
                0x10000100                __VECTOR_TABLE
                0x10000100                __vectors
                0x100001c0                isr_invalid
                0x100001c0                __default_isrs_start
                0x100001c2                isr_nmi
                0x100001c4                isr_hardfault
                0x100001c6                isr_svcall
                0x100001c8                isr_pendsv
                0x100001ca                isr_systick
                0x100001cc                isr_irq23
                0x100001cc                isr_irq18
                0x100001cc                isr_irq11
                0x100001cc                isr_irq28
                0x100001cc                isr_irq19
                0x100001cc                isr_irq0
                0x100001cc                isr_irq6
                0x100001cc                isr_irq5
                0x100001cc                isr_irq12
                0x100001cc                isr_irq22
                0x100001cc                isr_irq31
                0x100001cc                isr_irq17
                0x100001cc                isr_irq27
                0x100001cc                isr_irq30
                0x100001cc                isr_irq2
                0x100001cc                isr_irq10
                0x100001cc                isr_irq8
                0x100001cc                isr_irq24
                0x100001cc                isr_irq1
                0x100001cc                isr_irq7
                0x100001cc                isr_irq21
                0x100001cc                isr_irq20
                0x100001cc                isr_irq15
                0x100001cc                isr_irq25
                0x100001cc                isr_irq13
                0x100001cc                __unhandled_user_irq
                0x100001cc                isr_irq4
                0x100001cc                isr_irq16
                0x100001cc                isr_irq29
                0x100001cc                isr_irq26
                0x100001cc                __default_isrs_end
                0x100001cc                isr_irq3
                0x100001cc                isr_irq14
                0x100001cc                isr_irq9
                0x100001d2                unhandled_user_irq_num_in_r0
 *(.binary_info_header)
 .binary_info_header
                0x100001d4       0x14 CMakeFiles/main.dir/C_/Users/krzys/.pico-sdk/sdk/2.1.1/src/rp2_common/pico_crt0/crt0.S.obj
                0x100001e8                        __binary_info_header_end = .
 *(.embedded_block)
                0x100001e8                        __embedded_block_end = .
 *(.reset)
 .reset         0x100001e8       0x9c CMakeFiles/main.dir/C_/Users/krzys/.pico-sdk/sdk/2.1.1/src/rp2_common/pico_crt0/crt0.S.obj
                0x100001e8                _entry_point
 *(.init)
 .init          0x10000284        0x4 C:/Users/krzys/.pico-sdk/toolchain/14_2_Rel1/bin/../lib/gcc/arm-none-eabi/14.2.1/thumb/v6-m/nofp/crti.o
                0x10000284                _init
 *(EXCLUDE_FILE(*libm.a: *libc.a:*lib_a-mem*.o *libgcc.a:) .text*)
 .text.register_tm_clones
                0x10000288       0x28 C:/Users/krzys/.pico-sdk/toolchain/14_2_Rel1/bin/../lib/gcc/arm-none-eabi/14.2.1/thumb/v6-m/nofp/crtbegin.o
 .text.frame_dummy
                0x100002b0       0x24 C:/Users/krzys/.pico-sdk/toolchain/14_2_Rel1/bin/../lib/gcc/arm-none-eabi/14.2.1/thumb/v6-m/nofp/crtbegin.o
 .text.startup.main
                0x100002d4      0x178 CMakeFiles/main.dir/main.c.obj
                0x100002d4                main
 .text._dma_1_handler
                0x1000044c       0x30 CMakeFiles/main.dir/DMA/dma.c.obj
                0x1000044c                _dma_1_handler
 .text._dma_2_handler
                0x1000047c       0x3c CMakeFiles/main.dir/DMA/dma.c.obj
                0x1000047c                _dma_2_handler
 .text.DMA_clear
                0x100004b8       0x38 CMakeFiles/main.dir/DMA/dma.c.obj
                0x100004b8                DMA_clear
 .text.DMA_PIOconfig
                0x100004f0      0x100 CMakeFiles/main.dir/DMA/dma.c.obj
                0x100004f0                DMA_PIOconfig
 .text.DMA_setEnable
                0x100005f0       0x18 CMakeFiles/main.dir/DMA/dma.c.obj
                0x100005f0                DMA_setEnable
 .text.dma_getCurrentIndex
                0x10000608       0x14 CMakeFiles/main.dir/DMA/dma.c.obj
                0x10000608                dma_getCurrentIndex
 .text.LED_init
                0x1000061c       0x14 CMakeFiles/main.dir/LED/led.c.obj
                0x1000061c                LED_init
 .text.LED_on   0x10000630        0xc CMakeFiles/main.dir/LED/led.c.obj
                0x10000630                LED_on
 .text.LED_off  0x1000063c        0xc CMakeFiles/main.dir/LED/led.c.obj
                0x1000063c                LED_off
 .text.LED_toggle
                0x10000648       0x18 CMakeFiles/main.dir/LED/led.c.obj
                0x10000648                LED_toggle
 .text.tud_cdc_rx_cb
                0x10000660       0x74 CMakeFiles/main.dir/Communication/communication.c.obj
                0x10000660                tud_cdc_rx_cb
 .text.communication_init
                0x100006d4        0x8 CMakeFiles/main.dir/Communication/communication.c.obj
                0x100006d4                communication_init
 .text.communication_sendProcedure
                0x100006dc       0xb4 CMakeFiles/main.dir/Communication/communication.c.obj
                0x100006dc                communication_sendProcedure
 .text.communication_run
                0x10000790       0x44 CMakeFiles/main.dir/Communication/communication.c.obj
                0x10000790                communication_run
 .text.gpio_set_function
                0x100007d4       0x34 CMakeFiles/main.dir/C_/Users/krzys/.pico-sdk/sdk/2.1.1/src/rp2_common/hardware_gpio/gpio.c.obj
                0x100007d4                gpio_set_function
 .text.gpio_init
                0x10000808       0x40 CMakeFiles/main.dir/C_/Users/krzys/.pico-sdk/sdk/2.1.1/src/rp2_common/hardware_gpio/gpio.c.obj
                0x10000808                gpio_init
 .text.gpio_init_mask
                0x10000848       0x64 CMakeFiles/main.dir/C_/Users/krzys/.pico-sdk/sdk/2.1.1/src/rp2_common/hardware_gpio/gpio.c.obj
                0x10000848                gpio_init_mask
 .text.rp2040_chip_version
                0x100008ac        0xc CMakeFiles/main.dir/C_/Users/krzys/.pico-sdk/sdk/2.1.1/src/rp2040/pico_platform/platform.c.obj
                0x100008ac                rp2040_chip_version
 .text.panic    0x100008b8       0x30 CMakeFiles/main.dir/C_/Users/krzys/.pico-sdk/sdk/2.1.1/src/rp2_common/pico_platform_panic/panic.c.obj
                0x100008b8                panic
 .text.hw_claim_lock
                0x100008e8       0x18 CMakeFiles/main.dir/C_/Users/krzys/.pico-sdk/sdk/2.1.1/src/common/hardware_claim/claim.c.obj
                0x100008e8                hw_claim_lock
 .text.hw_claim_unlock
                0x10000900       0x14 CMakeFiles/main.dir/C_/Users/krzys/.pico-sdk/sdk/2.1.1/src/common/hardware_claim/claim.c.obj
                0x10000900                hw_claim_unlock
 .text.hw_claim_or_assert
                0x10000914       0x44 CMakeFiles/main.dir/C_/Users/krzys/.pico-sdk/sdk/2.1.1/src/common/hardware_claim/claim.c.obj
                0x10000914                hw_claim_or_assert
 .text.hw_claim_unused_from_range
                0x10000958       0x88 CMakeFiles/main.dir/C_/Users/krzys/.pico-sdk/sdk/2.1.1/src/common/hardware_claim/claim.c.obj
                0x10000958                hw_claim_unused_from_range
 .text.hw_claim_clear
                0x100009e0       0x38 CMakeFiles/main.dir/C_/Users/krzys/.pico-sdk/sdk/2.1.1/src/common/hardware_claim/claim.c.obj
                0x100009e0                hw_claim_clear
 .text.next_striped_spin_lock_num
                0x10000a18       0x18 CMakeFiles/main.dir/C_/Users/krzys/.pico-sdk/sdk/2.1.1/src/rp2_common/hardware_sync/sync.c.obj
                0x10000a18                next_striped_spin_lock_num
 .text.spin_lock_claim_unused
                0x10000a30       0x24 CMakeFiles/main.dir/C_/Users/krzys/.pico-sdk/sdk/2.1.1/src/rp2_common/hardware_sync/sync.c.obj
                0x10000a30                spin_lock_claim_unused
 .text.spin_locks_reset
                0x10000a54       0x1c CMakeFiles/main.dir/C_/Users/krzys/.pico-sdk/sdk/2.1.1/src/rp2_common/hardware_sync_spin_lock/sync_spin_lock.c.obj
                0x10000a54                spin_locks_reset
 .text.runtime_init_per_core_irq_priorities
                0x10000a70       0x24 CMakeFiles/main.dir/C_/Users/krzys/.pico-sdk/sdk/2.1.1/src/rp2_common/hardware_irq/irq.c.obj
                0x10000a70                runtime_init_per_core_irq_priorities
 .text.irq_set_enabled
                0x10000a94       0x24 CMakeFiles/main.dir/C_/Users/krzys/.pico-sdk/sdk/2.1.1/src/rp2_common/hardware_irq/irq.c.obj
                0x10000a94                irq_set_enabled
 .text.irq_is_enabled
                0x10000ab8       0x18 CMakeFiles/main.dir/C_/Users/krzys/.pico-sdk/sdk/2.1.1/src/rp2_common/hardware_irq/irq.c.obj
                0x10000ab8                irq_is_enabled
 .text.irq_set_pending
                0x10000ad0       0x10 CMakeFiles/main.dir/C_/Users/krzys/.pico-sdk/sdk/2.1.1/src/rp2_common/hardware_irq/irq.c.obj
                0x10000ad0                irq_set_pending
 .text.irq_has_shared_handler
                0x10000ae0       0x24 CMakeFiles/main.dir/C_/Users/krzys/.pico-sdk/sdk/2.1.1/src/rp2_common/hardware_irq/irq.c.obj
                0x10000ae0                irq_has_shared_handler
 .text.irq_set_exclusive_handler
                0x10000b04       0x54 CMakeFiles/main.dir/C_/Users/krzys/.pico-sdk/sdk/2.1.1/src/rp2_common/hardware_irq/irq.c.obj
                0x10000b04                irq_set_exclusive_handler
 .text.irq_add_shared_handler
                0x10000b58      0x1f4 CMakeFiles/main.dir/C_/Users/krzys/.pico-sdk/sdk/2.1.1/src/rp2_common/hardware_irq/irq.c.obj
                0x10000b58                irq_add_shared_handler
 .text.irq_add_tail_to_free_list
                0x10000d4c       0xb4 CMakeFiles/main.dir/C_/Users/krzys/.pico-sdk/sdk/2.1.1/src/rp2_common/hardware_irq/irq.c.obj
                0x10000d4c                irq_add_tail_to_free_list
 .text.user_irq_claim_unused
                0x10000e00       0x2c CMakeFiles/main.dir/C_/Users/krzys/.pico-sdk/sdk/2.1.1/src/rp2_common/hardware_irq/irq.c.obj
                0x10000e00                user_irq_claim_unused
 .text.lock_init
                0x10000e2c       0x10 CMakeFiles/main.dir/C_/Users/krzys/.pico-sdk/sdk/2.1.1/src/common/pico_sync/lock_core.c.obj
                0x10000e2c                lock_init
 .text.runtime_init_mutex
                0x10000e3c       0x50 CMakeFiles/main.dir/C_/Users/krzys/.pico-sdk/sdk/2.1.1/src/common/pico_sync/mutex.c.obj
                0x10000e3c                runtime_init_mutex
 .text.mutex_init
                0x10000e8c       0x1c CMakeFiles/main.dir/C_/Users/krzys/.pico-sdk/sdk/2.1.1/src/common/pico_sync/mutex.c.obj
                0x10000e8c                mutex_init
 .text.critical_section_init
                0x10000ea8       0x1c CMakeFiles/main.dir/C_/Users/krzys/.pico-sdk/sdk/2.1.1/src/common/pico_sync/critical_section.c.obj
                0x10000ea8                critical_section_init
 .text.critical_section_init_with_lock_num
                0x10000ec4       0x14 CMakeFiles/main.dir/C_/Users/krzys/.pico-sdk/sdk/2.1.1/src/common/pico_sync/critical_section.c.obj
                0x10000ec4                critical_section_init_with_lock_num
 .text.sleep_until_callback
                0x10000ed8       0x30 CMakeFiles/main.dir/C_/Users/krzys/.pico-sdk/sdk/2.1.1/src/common/pico_time/time.c.obj
 .text.alarm_pool_irq_handler
                0x10000f08      0x300 CMakeFiles/main.dir/C_/Users/krzys/.pico-sdk/sdk/2.1.1/src/common/pico_time/time.c.obj
 .text.runtime_init_default_alarm_pool
                0x10001208       0xdc CMakeFiles/main.dir/C_/Users/krzys/.pico-sdk/sdk/2.1.1/src/common/pico_time/time.c.obj
                0x10001208                runtime_init_default_alarm_pool
 .text.alarm_pool_get_default
                0x100012e4        0x8 CMakeFiles/main.dir/C_/Users/krzys/.pico-sdk/sdk/2.1.1/src/common/pico_time/time.c.obj
                0x100012e4                alarm_pool_get_default
 .text.alarm_pool_add_alarm_at
                0x100012ec       0xd0 CMakeFiles/main.dir/C_/Users/krzys/.pico-sdk/sdk/2.1.1/src/common/pico_time/time.c.obj
                0x100012ec                alarm_pool_add_alarm_at
 .text.alarm_pool_add_alarm_at_force_in_context
                0x100013bc       0xb0 CMakeFiles/main.dir/C_/Users/krzys/.pico-sdk/sdk/2.1.1/src/common/pico_time/time.c.obj
                0x100013bc                alarm_pool_add_alarm_at_force_in_context
 .text.alarm_pool_cancel_alarm
                0x1000146c       0x74 CMakeFiles/main.dir/C_/Users/krzys/.pico-sdk/sdk/2.1.1/src/common/pico_time/time.c.obj
                0x1000146c                alarm_pool_cancel_alarm
 .text.alarm_pool_core_num
                0x100014e0        0x4 CMakeFiles/main.dir/C_/Users/krzys/.pico-sdk/sdk/2.1.1/src/common/pico_time/time.c.obj
                0x100014e0                alarm_pool_core_num
 .text.sleep_ms
                0x100014e4       0xfc CMakeFiles/main.dir/C_/Users/krzys/.pico-sdk/sdk/2.1.1/src/common/pico_time/time.c.obj
                0x100014e4                sleep_ms
 .text.best_effort_wfe_or_timeout
                0x100015e0      0x10c CMakeFiles/main.dir/C_/Users/krzys/.pico-sdk/sdk/2.1.1/src/common/pico_time/time.c.obj
                0x100015e0                best_effort_wfe_or_timeout
 .text.timer_hardware_alarm_claim
                0x100016ec       0x14 CMakeFiles/main.dir/C_/Users/krzys/.pico-sdk/sdk/2.1.1/src/rp2_common/hardware_timer/timer.c.obj
                0x100016ec                timer_hardware_alarm_claim
 .text.timer_time_us_64
                0x10001700       0x10 CMakeFiles/main.dir/C_/Users/krzys/.pico-sdk/sdk/2.1.1/src/rp2_common/hardware_timer/timer.c.obj
                0x10001700                timer_time_us_64
 .text.time_us_64
                0x10001710       0x14 CMakeFiles/main.dir/C_/Users/krzys/.pico-sdk/sdk/2.1.1/src/rp2_common/hardware_timer/timer.c.obj
                0x10001710                time_us_64
 .text.busy_wait_until
                0x10001724       0x20 CMakeFiles/main.dir/C_/Users/krzys/.pico-sdk/sdk/2.1.1/src/rp2_common/hardware_timer/timer.c.obj
                0x10001724                busy_wait_until
 .text.clock_configure_int_divider
                0x10001744       0xf4 CMakeFiles/main.dir/C_/Users/krzys/.pico-sdk/sdk/2.1.1/src/rp2_common/hardware_clocks/clocks.c.obj
                0x10001744                clock_configure_int_divider
 .text.clock_configure_undivided
                0x10001838       0xe8 CMakeFiles/main.dir/C_/Users/krzys/.pico-sdk/sdk/2.1.1/src/rp2_common/hardware_clocks/clocks.c.obj
                0x10001838                clock_configure_undivided
 .text.clock_get_hz
                0x10001920        0xc CMakeFiles/main.dir/C_/Users/krzys/.pico-sdk/sdk/2.1.1/src/rp2_common/hardware_clocks/clocks.c.obj
                0x10001920                clock_get_hz
 .text.pll_init
                0x1000192c       0xa4 CMakeFiles/main.dir/C_/Users/krzys/.pico-sdk/sdk/2.1.1/src/rp2_common/hardware_pll/pll.c.obj
                0x1000192c                pll_init
 .text.vreg_set_voltage
                0x100019d0       0x1c CMakeFiles/main.dir/C_/Users/krzys/.pico-sdk/sdk/2.1.1/src/rp2_common/hardware_vreg/vreg.c.obj
                0x100019d0                vreg_set_voltage
 .text.vreg_get_voltage
                0x100019ec       0x10 CMakeFiles/main.dir/C_/Users/krzys/.pico-sdk/sdk/2.1.1/src/rp2_common/hardware_vreg/vreg.c.obj
                0x100019ec                vreg_get_voltage
 .text.watchdog_reboot
                0x100019fc       0x9c CMakeFiles/main.dir/C_/Users/krzys/.pico-sdk/sdk/2.1.1/src/rp2_common/hardware_watchdog/watchdog.c.obj
                0x100019fc                watchdog_reboot
 .text.tick_start
                0x10001a98       0x10 CMakeFiles/main.dir/C_/Users/krzys/.pico-sdk/sdk/2.1.1/src/rp2_common/hardware_ticks/ticks.c.obj
                0x10001a98                tick_start
 .text.rom_func_lookup
                0x10001aa8       0x10 CMakeFiles/main.dir/C_/Users/krzys/.pico-sdk/sdk/2.1.1/src/rp2_common/pico_bootrom/bootrom.c.obj
                0x10001aa8                rom_func_lookup
 .text.rom_data_lookup
                0x10001ab8       0x10 CMakeFiles/main.dir/C_/Users/krzys/.pico-sdk/sdk/2.1.1/src/rp2_common/pico_bootrom/bootrom.c.obj
                0x10001ab8                rom_data_lookup
 .text.rom_funcs_lookup
                0x10001ac8       0x44 CMakeFiles/main.dir/C_/Users/krzys/.pico-sdk/sdk/2.1.1/src/rp2_common/pico_bootrom/bootrom.c.obj
                0x10001ac8                rom_funcs_lookup
 .text.rom_reset_usb_boot_extra
                0x10001b0c       0x24 CMakeFiles/main.dir/C_/Users/krzys/.pico-sdk/sdk/2.1.1/src/rp2_common/pico_bootrom/bootrom.c.obj
                0x10001b0c                rom_reset_usb_boot_extra
 .text.xosc_init
                0x10001b30       0x28 CMakeFiles/main.dir/C_/Users/krzys/.pico-sdk/sdk/2.1.1/src/rp2_common/hardware_xosc/xosc.c.obj
                0x10001b30                xosc_init
 .text.first_per_core_initializer
                0x10001b58        0x4 CMakeFiles/main.dir/C_/Users/krzys/.pico-sdk/sdk/2.1.1/src/rp2_common/pico_runtime/runtime.c.obj
 .text.hard_assertion_failure
                0x10001b5c        0xc CMakeFiles/main.dir/C_/Users/krzys/.pico-sdk/sdk/2.1.1/src/rp2_common/pico_runtime/runtime.c.obj
                0x10001b5c                hard_assertion_failure
 .text.runtime_run_initializers
                0x10001b68       0x28 CMakeFiles/main.dir/C_/Users/krzys/.pico-sdk/sdk/2.1.1/src/rp2_common/pico_runtime/runtime.c.obj
                0x10001b68                runtime_run_initializers
 .text.runtime_init_early_resets
                0x10001b90       0x2c CMakeFiles/main.dir/C_/Users/krzys/.pico-sdk/sdk/2.1.1/src/rp2_common/pico_runtime_init/runtime_init.c.obj
                0x10001b90                runtime_init_early_resets
 .text.runtime_init_usb_power_down
                0x10001bbc       0x1c CMakeFiles/main.dir/C_/Users/krzys/.pico-sdk/sdk/2.1.1/src/rp2_common/pico_runtime_init/runtime_init.c.obj
                0x10001bbc                runtime_init_usb_power_down
 .text.runtime_init_post_clock_resets
                0x10001bd8       0x20 CMakeFiles/main.dir/C_/Users/krzys/.pico-sdk/sdk/2.1.1/src/rp2_common/pico_runtime_init/runtime_init.c.obj
                0x10001bd8                runtime_init_post_clock_resets
 .text.runtime_init_rp2040_gpio_ie_disable
                0x10001bf8       0x14 CMakeFiles/main.dir/C_/Users/krzys/.pico-sdk/sdk/2.1.1/src/rp2_common/pico_runtime_init/runtime_init.c.obj
                0x10001bf8                runtime_init_rp2040_gpio_ie_disable
 .text.runtime_init_spin_locks_reset
                0x10001c0c        0x8 CMakeFiles/main.dir/C_/Users/krzys/.pico-sdk/sdk/2.1.1/src/rp2_common/pico_runtime_init/runtime_init.c.obj
                0x10001c0c                runtime_init_spin_locks_reset
 .text.runtime_init_install_ram_vector_table
                0x10001c14       0x1c CMakeFiles/main.dir/C_/Users/krzys/.pico-sdk/sdk/2.1.1/src/rp2_common/pico_runtime_init/runtime_init.c.obj
                0x10001c14                runtime_init_install_ram_vector_table
 .text.runtime_init_clocks
                0x10001c30       0xec CMakeFiles/main.dir/C_/Users/krzys/.pico-sdk/sdk/2.1.1/src/rp2_common/pico_runtime_init/runtime_init_clocks.c.obj
                0x10001c30                runtime_init_clocks
 .text          0x10001d1c       0x10 CMakeFiles/main.dir/C_/Users/krzys/.pico-sdk/sdk/2.1.1/src/rp2_common/pico_bit_ops/bit_ops_aeabi.S.obj
 .text.__wrap___aeabi_uidiv
                0x10001d2c       0x4c CMakeFiles/main.dir/C_/Users/krzys/.pico-sdk/sdk/2.1.1/src/rp2_common/pico_divider/divider_hardware.S.obj
                0x10001d2c                __wrap___aeabi_uidiv
                0x10001d2c                __wrap___aeabi_uidivmod
                0x10001d2c                div_u32u32
                0x10001d2c                divmod_u32u32
                0x10001d34                divmod_u32u32_unsafe
                0x10001d5c                divmod_u32u32_savestate
 .text.missing_double_func_shim
                0x10001d78        0xc CMakeFiles/main.dir/C_/Users/krzys/.pico-sdk/sdk/2.1.1/src/rp2_common/pico_double/double_init_rom_rp2040.c.obj
 .text.__aeabi_double_init
                0x10001d84       0xa0 CMakeFiles/main.dir/C_/Users/krzys/.pico-sdk/sdk/2.1.1/src/rp2_common/pico_double/double_init_rom_rp2040.c.obj
                0x10001d84                __aeabi_double_init
 .text.double_table_shim_on_use_helper
                0x10001e24       0x2c CMakeFiles/main.dir/C_/Users/krzys/.pico-sdk/sdk/2.1.1/src/rp2_common/pico_double/double_v1_rom_shim_rp2040.S.obj
                0x10001e24                double_table_shim_on_use_helper
 .text.__aeabi_lmul
                0x10001e50       0x32 CMakeFiles/main.dir/C_/Users/krzys/.pico-sdk/sdk/2.1.1/src/rp2_common/pico_int64_ops/pico_int64_ops_aeabi.S.obj
                0x10001e50                __wrap___aeabi_lmul
 *fill*         0x10001e82        0x2 
 .text.missing_float_func_shim
                0x10001e84        0xc CMakeFiles/main.dir/C_/Users/krzys/.pico-sdk/sdk/2.1.1/src/rp2_common/pico_float/float_init_rom_rp2040.c.obj
 .text.__aeabi_float_init
                0x10001e90       0x5c CMakeFiles/main.dir/C_/Users/krzys/.pico-sdk/sdk/2.1.1/src/rp2_common/pico_float/float_init_rom_rp2040.c.obj
                0x10001e90                __aeabi_float_init
 .text          0x10001eec       0x10 CMakeFiles/main.dir/C_/Users/krzys/.pico-sdk/sdk/2.1.1/src/rp2_common/pico_mem_ops/mem_ops_aeabi.S.obj
                0x10001eec                __aeabi_mem_init
 .text.memset   0x10001efc        0xc CMakeFiles/main.dir/C_/Users/krzys/.pico-sdk/sdk/2.1.1/src/rp2_common/pico_mem_ops/mem_ops_aeabi.S.obj
                0x10001efc                __wrap_memset
 .text.memcpy   0x10001f08        0xc CMakeFiles/main.dir/C_/Users/krzys/.pico-sdk/sdk/2.1.1/src/rp2_common/pico_mem_ops/mem_ops_aeabi.S.obj
                0x10001f08                __wrap_memcpy
                0x10001f08                __wrap___aeabi_memcpy
 .text._out_char
                0x10001f14       0x10 CMakeFiles/main.dir/C_/Users/krzys/.pico-sdk/sdk/2.1.1/src/rp2_common/pico_printf/printf.c.obj
 .text.weak_raw_vprintf
                0x10001f24       0x30 CMakeFiles/main.dir/C_/Users/krzys/.pico-sdk/sdk/2.1.1/src/rp2_common/pico_printf/printf.c.obj
                0x10001f24                weak_raw_vprintf
 .text._exit    0x10001f54        0x4 CMakeFiles/main.dir/C_/Users/krzys/.pico-sdk/sdk/2.1.1/src/rp2_common/pico_clib_interface/newlib_interface.c.obj
                0x10001f54                _exit
 .text.exit     0x10001f58        0x8 CMakeFiles/main.dir/C_/Users/krzys/.pico-sdk/sdk/2.1.1/src/rp2_common/pico_clib_interface/newlib_interface.c.obj
                0x10001f58                exit
 .text.runtime_init
                0x10001f60       0x2c CMakeFiles/main.dir/C_/Users/krzys/.pico-sdk/sdk/2.1.1/src/rp2_common/pico_clib_interface/newlib_interface.c.obj
                0x10001f60                runtime_init
 .text.stdio_out_chars_no_crlf
                0x10001f8c       0x10 CMakeFiles/main.dir/C_/Users/krzys/.pico-sdk/sdk/2.1.1/src/rp2_common/pico_stdio/stdio.c.obj
 .text.stdio_out_chars_crlf
                0x10001f9c       0xb0 CMakeFiles/main.dir/C_/Users/krzys/.pico-sdk/sdk/2.1.1/src/rp2_common/pico_stdio/stdio.c.obj
 .text.stdio_put_string
                0x1000204c       0xfc CMakeFiles/main.dir/C_/Users/krzys/.pico-sdk/sdk/2.1.1/src/rp2_common/pico_stdio/stdio.c.obj
                0x1000204c                stdio_put_string
 .text.stdio_set_driver_enabled
                0x10002148       0x30 CMakeFiles/main.dir/C_/Users/krzys/.pico-sdk/sdk/2.1.1/src/rp2_common/pico_stdio/stdio.c.obj
                0x10002148                stdio_set_driver_enabled
 .text.__wrap_putchar
                0x10002178       0x94 CMakeFiles/main.dir/C_/Users/krzys/.pico-sdk/sdk/2.1.1/src/rp2_common/pico_stdio/stdio.c.obj
                0x10002178                __wrap_putchar
                0x10002178                stdio_putchar
 .text.__wrap_puts
                0x1000220c       0x3c CMakeFiles/main.dir/C_/Users/krzys/.pico-sdk/sdk/2.1.1/src/rp2_common/pico_stdio/stdio.c.obj
                0x1000220c                stdio_puts
                0x1000220c                __wrap_puts
 .text.resetd_init
                0x10002248        0x4 CMakeFiles/main.dir/C_/Users/krzys/.pico-sdk/sdk/2.1.1/src/rp2_common/pico_stdio_usb/reset_interface.c.obj
 .text.resetd_reset
                0x1000224c        0xc CMakeFiles/main.dir/C_/Users/krzys/.pico-sdk/sdk/2.1.1/src/rp2_common/pico_stdio_usb/reset_interface.c.obj
 .text.resetd_open
                0x10002258       0x28 CMakeFiles/main.dir/C_/Users/krzys/.pico-sdk/sdk/2.1.1/src/rp2_common/pico_stdio_usb/reset_interface.c.obj
 .text.resetd_xfer_cb
                0x10002280        0x4 CMakeFiles/main.dir/C_/Users/krzys/.pico-sdk/sdk/2.1.1/src/rp2_common/pico_stdio_usb/reset_interface.c.obj
 .text.resetd_control_xfer_cb
                0x10002284       0x54 CMakeFiles/main.dir/C_/Users/krzys/.pico-sdk/sdk/2.1.1/src/rp2_common/pico_stdio_usb/reset_interface.c.obj
 .text.tud_descriptor_bos_cb
                0x100022d8        0x8 CMakeFiles/main.dir/C_/Users/krzys/.pico-sdk/sdk/2.1.1/src/rp2_common/pico_stdio_usb/reset_interface.c.obj
                0x100022d8                tud_descriptor_bos_cb
 .text.tud_vendor_control_xfer_cb
                0x100022e0       0x34 CMakeFiles/main.dir/C_/Users/krzys/.pico-sdk/sdk/2.1.1/src/rp2_common/pico_stdio_usb/reset_interface.c.obj
                0x100022e0                tud_vendor_control_xfer_cb
 .text.usbd_app_driver_get_cb
                0x10002314        0xc CMakeFiles/main.dir/C_/Users/krzys/.pico-sdk/sdk/2.1.1/src/rp2_common/pico_stdio_usb/reset_interface.c.obj
                0x10002314                usbd_app_driver_get_cb
 .text.tud_cdc_line_coding_cb
                0x10002320       0x2c CMakeFiles/main.dir/C_/Users/krzys/.pico-sdk/sdk/2.1.1/src/rp2_common/pico_stdio_usb/reset_interface.c.obj
                0x10002320                tud_cdc_line_coding_cb
 .text.stdio_usb_set_chars_available_callback
                0x1000234c       0x14 CMakeFiles/main.dir/C_/Users/krzys/.pico-sdk/sdk/2.1.1/src/rp2_common/pico_stdio_usb/stdio_usb.c.obj
                0x1000234c                stdio_usb_set_chars_available_callback
 .text.usb_irq  0x10002360       0x10 CMakeFiles/main.dir/C_/Users/krzys/.pico-sdk/sdk/2.1.1/src/rp2_common/pico_stdio_usb/stdio_usb.c.obj
 .text.timer_task
                0x10002370       0x64 CMakeFiles/main.dir/C_/Users/krzys/.pico-sdk/sdk/2.1.1/src/rp2_common/pico_stdio_usb/stdio_usb.c.obj
 .text.stdio_usb_in_chars
                0x100023d4       0x8c CMakeFiles/main.dir/C_/Users/krzys/.pico-sdk/sdk/2.1.1/src/rp2_common/pico_stdio_usb/stdio_usb.c.obj
                0x100023d4                stdio_usb_in_chars
 .text.stdio_usb_out_flush
                0x10002460       0x4c CMakeFiles/main.dir/C_/Users/krzys/.pico-sdk/sdk/2.1.1/src/rp2_common/pico_stdio_usb/stdio_usb.c.obj
 .text.stdio_usb_out_chars
                0x100024ac      0x100 CMakeFiles/main.dir/C_/Users/krzys/.pico-sdk/sdk/2.1.1/src/rp2_common/pico_stdio_usb/stdio_usb.c.obj
 .text.low_priority_worker_irq
                0x100025ac       0xc8 CMakeFiles/main.dir/C_/Users/krzys/.pico-sdk/sdk/2.1.1/src/rp2_common/pico_stdio_usb/stdio_usb.c.obj
 .text.stdio_usb_init
                0x10002674       0xe8 CMakeFiles/main.dir/C_/Users/krzys/.pico-sdk/sdk/2.1.1/src/rp2_common/pico_stdio_usb/stdio_usb.c.obj
                0x10002674                stdio_usb_init
 .text.tud_descriptor_device_cb
                0x1000275c        0x8 CMakeFiles/main.dir/C_/Users/krzys/.pico-sdk/sdk/2.1.1/src/rp2_common/pico_stdio_usb/stdio_usb_descriptors.c.obj
                0x1000275c                tud_descriptor_device_cb
 .text.tud_descriptor_configuration_cb
                0x10002764        0x8 CMakeFiles/main.dir/C_/Users/krzys/.pico-sdk/sdk/2.1.1/src/rp2_common/pico_stdio_usb/stdio_usb_descriptors.c.obj
                0x10002764                tud_descriptor_configuration_cb
 .text.tud_descriptor_string_cb
                0x1000276c       0x78 CMakeFiles/main.dir/C_/Users/krzys/.pico-sdk/sdk/2.1.1/src/rp2_common/pico_stdio_usb/stdio_usb_descriptors.c.obj
                0x1000276c                tud_descriptor_string_cb
 .text.startup._retrieve_unique_id_on_boot
                0x100027e4       0x10 CMakeFiles/main.dir/C_/Users/krzys/.pico-sdk/sdk/2.1.1/src/rp2_common/pico_unique_id/unique_id.c.obj
 .text.pico_get_unique_board_id_string
                0x100027f4      0x1a8 CMakeFiles/main.dir/C_/Users/krzys/.pico-sdk/sdk/2.1.1/src/rp2_common/pico_unique_id/unique_id.c.obj
                0x100027f4                pico_get_unique_board_id_string
 .text.flash_get_unique_id
                0x1000299c       0x3c CMakeFiles/main.dir/C_/Users/krzys/.pico-sdk/sdk/2.1.1/src/rp2_common/hardware_flash/flash.c.obj
                0x1000299c                flash_get_unique_id
 .text.dcd_init
                0x100029d8       0x90 CMakeFiles/main.dir/C_/Users/krzys/.pico-sdk/sdk/2.1.1/lib/tinyusb/src/portable/raspberrypi/rp2040/dcd_rp2040.c.obj
                0x100029d8                dcd_init
 .text.dcd_int_enable
                0x10002a68        0xc CMakeFiles/main.dir/C_/Users/krzys/.pico-sdk/sdk/2.1.1/lib/tinyusb/src/portable/raspberrypi/rp2040/dcd_rp2040.c.obj
                0x10002a68                dcd_int_enable
 .text.dcd_set_address
                0x10002a74       0x14 CMakeFiles/main.dir/C_/Users/krzys/.pico-sdk/sdk/2.1.1/lib/tinyusb/src/portable/raspberrypi/rp2040/dcd_rp2040.c.obj
                0x10002a74                dcd_set_address
 .text.dcd_sof_enable
                0x10002a88       0x1c CMakeFiles/main.dir/C_/Users/krzys/.pico-sdk/sdk/2.1.1/lib/tinyusb/src/portable/raspberrypi/rp2040/dcd_rp2040.c.obj
                0x10002a88                dcd_sof_enable
 .text.dcd_edpt0_status_complete
                0x10002aa4       0x1c CMakeFiles/main.dir/C_/Users/krzys/.pico-sdk/sdk/2.1.1/lib/tinyusb/src/portable/raspberrypi/rp2040/dcd_rp2040.c.obj
                0x10002aa4                dcd_edpt0_status_complete
 .text.dcd_edpt_open
                0x10002ac0      0x114 CMakeFiles/main.dir/C_/Users/krzys/.pico-sdk/sdk/2.1.1/lib/tinyusb/src/portable/raspberrypi/rp2040/dcd_rp2040.c.obj
                0x10002ac0                dcd_edpt_open
 .text.dcd_edpt_close_all
                0x10002bd4        0x8 CMakeFiles/main.dir/C_/Users/krzys/.pico-sdk/sdk/2.1.1/lib/tinyusb/src/portable/raspberrypi/rp2040/dcd_rp2040.c.obj
                0x10002bd4                dcd_edpt_close_all
 .text.dcd_edpt_xfer
                0x10002bdc       0x24 CMakeFiles/main.dir/C_/Users/krzys/.pico-sdk/sdk/2.1.1/lib/tinyusb/src/portable/raspberrypi/rp2040/dcd_rp2040.c.obj
                0x10002bdc                dcd_edpt_xfer
 .text.dcd_edpt_stall
                0x10002c00       0x3c CMakeFiles/main.dir/C_/Users/krzys/.pico-sdk/sdk/2.1.1/lib/tinyusb/src/portable/raspberrypi/rp2040/dcd_rp2040.c.obj
                0x10002c00                dcd_edpt_stall
 .text.dcd_edpt_clear_stall
                0x10002c3c       0x30 CMakeFiles/main.dir/C_/Users/krzys/.pico-sdk/sdk/2.1.1/lib/tinyusb/src/portable/raspberrypi/rp2040/dcd_rp2040.c.obj
                0x10002c3c                dcd_edpt_clear_stall
 .text.rp2040_usb_init
                0x10002c6c       0x40 CMakeFiles/main.dir/C_/Users/krzys/.pico-sdk/sdk/2.1.1/lib/tinyusb/src/portable/raspberrypi/rp2040/rp2040_usb.c.obj
                0x10002c6c                rp2040_usb_init
 .text.hw_endpoint_xfer_start
                0x10002cac       0x40 CMakeFiles/main.dir/C_/Users/krzys/.pico-sdk/sdk/2.1.1/lib/tinyusb/src/portable/raspberrypi/rp2040/rp2040_usb.c.obj
                0x10002cac                hw_endpoint_xfer_start
 .text.tud_event_hook_cb
                0x10002cec        0x4 CMakeFiles/main.dir/C_/Users/krzys/.pico-sdk/sdk/2.1.1/lib/tinyusb/src/device/usbd.c.obj
                0x10002cec                tud_event_hook_cb
 .text.tud_sof_cb
                0x10002cf0        0x4 CMakeFiles/main.dir/C_/Users/krzys/.pico-sdk/sdk/2.1.1/lib/tinyusb/src/device/usbd.c.obj
                0x10002cf0                tud_sof_cb
 .text.tud_descriptor_device_qualifier_cb
                0x10002cf4        0x4 CMakeFiles/main.dir/C_/Users/krzys/.pico-sdk/sdk/2.1.1/lib/tinyusb/src/device/usbd.c.obj
                0x10002cf4                tud_descriptor_device_qualifier_cb
 .text.tud_descriptor_other_speed_configuration_cb
                0x10002cf8        0x4 CMakeFiles/main.dir/C_/Users/krzys/.pico-sdk/sdk/2.1.1/lib/tinyusb/src/device/usbd.c.obj
                0x10002cf8                tud_descriptor_other_speed_configuration_cb
 .text.tud_mount_cb
                0x10002cfc        0x4 CMakeFiles/main.dir/C_/Users/krzys/.pico-sdk/sdk/2.1.1/lib/tinyusb/src/device/usbd.c.obj
                0x10002cfc                tud_mount_cb
 .text.tud_umount_cb
                0x10002d00        0x4 CMakeFiles/main.dir/C_/Users/krzys/.pico-sdk/sdk/2.1.1/lib/tinyusb/src/device/usbd.c.obj
                0x10002d00                tud_umount_cb
 .text.tud_suspend_cb
                0x10002d04        0x4 CMakeFiles/main.dir/C_/Users/krzys/.pico-sdk/sdk/2.1.1/lib/tinyusb/src/device/usbd.c.obj
                0x10002d04                tud_suspend_cb
 .text.tud_resume_cb
                0x10002d08        0x4 CMakeFiles/main.dir/C_/Users/krzys/.pico-sdk/sdk/2.1.1/lib/tinyusb/src/device/usbd.c.obj
                0x10002d08                tud_resume_cb
 .text.tud_mounted
                0x10002d0c       0x10 CMakeFiles/main.dir/C_/Users/krzys/.pico-sdk/sdk/2.1.1/lib/tinyusb/src/device/usbd.c.obj
                0x10002d0c                tud_mounted
 .text.tud_suspended
                0x10002d1c       0x10 CMakeFiles/main.dir/C_/Users/krzys/.pico-sdk/sdk/2.1.1/lib/tinyusb/src/device/usbd.c.obj
                0x10002d1c                tud_suspended
 .text.tud_rhport_init
                0x10002d2c       0xf4 CMakeFiles/main.dir/C_/Users/krzys/.pico-sdk/sdk/2.1.1/lib/tinyusb/src/device/usbd.c.obj
                0x10002d2c                tud_rhport_init
 .text.tud_task_ext
                0x10002e20      0x800 CMakeFiles/main.dir/C_/Users/krzys/.pico-sdk/sdk/2.1.1/lib/tinyusb/src/device/usbd.c.obj
                0x10002e20                tud_task_ext
 .text.usbd_open_edpt_pair
                0x10003620       0x9c CMakeFiles/main.dir/C_/Users/krzys/.pico-sdk/sdk/2.1.1/lib/tinyusb/src/device/usbd.c.obj
                0x10003620                usbd_open_edpt_pair
 .text.usbd_edpt_open
                0x100036bc       0x34 CMakeFiles/main.dir/C_/Users/krzys/.pico-sdk/sdk/2.1.1/lib/tinyusb/src/device/usbd.c.obj
                0x100036bc                usbd_edpt_open
 .text.usbd_edpt_claim
                0x100036f0       0x28 CMakeFiles/main.dir/C_/Users/krzys/.pico-sdk/sdk/2.1.1/lib/tinyusb/src/device/usbd.c.obj
                0x100036f0                usbd_edpt_claim
 .text.usbd_edpt_release
                0x10003718       0x28 CMakeFiles/main.dir/C_/Users/krzys/.pico-sdk/sdk/2.1.1/lib/tinyusb/src/device/usbd.c.obj
                0x10003718                usbd_edpt_release
 .text.usbd_edpt_xfer
                0x10003740       0x4c CMakeFiles/main.dir/C_/Users/krzys/.pico-sdk/sdk/2.1.1/lib/tinyusb/src/device/usbd.c.obj
                0x10003740                usbd_edpt_xfer
 .text.tud_control_status
                0x1000378c       0x2c CMakeFiles/main.dir/C_/Users/krzys/.pico-sdk/sdk/2.1.1/lib/tinyusb/src/device/usbd_control.c.obj
                0x1000378c                tud_control_status
 .text.tud_control_xfer
                0x100037b8       0xa8 CMakeFiles/main.dir/C_/Users/krzys/.pico-sdk/sdk/2.1.1/lib/tinyusb/src/device/usbd_control.c.obj
                0x100037b8                tud_control_xfer
 .text.usbd_control_reset
                0x10003860       0x14 CMakeFiles/main.dir/C_/Users/krzys/.pico-sdk/sdk/2.1.1/lib/tinyusb/src/device/usbd_control.c.obj
                0x10003860                usbd_control_reset
 .text.usbd_control_set_complete_callback
                0x10003874        0xc CMakeFiles/main.dir/C_/Users/krzys/.pico-sdk/sdk/2.1.1/lib/tinyusb/src/device/usbd_control.c.obj
                0x10003874                usbd_control_set_complete_callback
 .text.usbd_control_set_request
                0x10003880       0x1c CMakeFiles/main.dir/C_/Users/krzys/.pico-sdk/sdk/2.1.1/lib/tinyusb/src/device/usbd_control.c.obj
                0x10003880                usbd_control_set_request
 .text.usbd_control_xfer_cb
                0x1000389c       0xec CMakeFiles/main.dir/C_/Users/krzys/.pico-sdk/sdk/2.1.1/lib/tinyusb/src/device/usbd_control.c.obj
                0x1000389c                usbd_control_xfer_cb
 .text._prep_out_transaction.isra.0
                0x10003988       0x6c CMakeFiles/main.dir/C_/Users/krzys/.pico-sdk/sdk/2.1.1/lib/tinyusb/src/class/cdc/cdc_device.c.obj
 .text.tud_cdc_n_connected
                0x100039f4       0x2c CMakeFiles/main.dir/C_/Users/krzys/.pico-sdk/sdk/2.1.1/lib/tinyusb/src/class/cdc/cdc_device.c.obj
                0x100039f4                tud_cdc_n_connected
 .text.tud_cdc_n_available
                0x10003a20       0x14 CMakeFiles/main.dir/C_/Users/krzys/.pico-sdk/sdk/2.1.1/lib/tinyusb/src/class/cdc/cdc_device.c.obj
                0x10003a20                tud_cdc_n_available
 .text.tud_cdc_n_read
                0x10003a34       0x88 CMakeFiles/main.dir/C_/Users/krzys/.pico-sdk/sdk/2.1.1/lib/tinyusb/src/class/cdc/cdc_device.c.obj
                0x10003a34                tud_cdc_n_read
 .text.tud_cdc_n_write_flush
                0x10003abc       0x74 CMakeFiles/main.dir/C_/Users/krzys/.pico-sdk/sdk/2.1.1/lib/tinyusb/src/class/cdc/cdc_device.c.obj
                0x10003abc                tud_cdc_n_write_flush
 .text.tud_cdc_n_write
                0x10003b30       0x40 CMakeFiles/main.dir/C_/Users/krzys/.pico-sdk/sdk/2.1.1/lib/tinyusb/src/class/cdc/cdc_device.c.obj
                0x10003b30                tud_cdc_n_write
 .text.tud_cdc_n_write_available
                0x10003b70       0x14 CMakeFiles/main.dir/C_/Users/krzys/.pico-sdk/sdk/2.1.1/lib/tinyusb/src/class/cdc/cdc_device.c.obj
                0x10003b70                tud_cdc_n_write_available
 .text.tud_cdc_n_write_clear
                0x10003b84       0x14 CMakeFiles/main.dir/C_/Users/krzys/.pico-sdk/sdk/2.1.1/lib/tinyusb/src/class/cdc/cdc_device.c.obj
                0x10003b84                tud_cdc_n_write_clear
 .text.cdcd_init
                0x10003b98       0x70 CMakeFiles/main.dir/C_/Users/krzys/.pico-sdk/sdk/2.1.1/lib/tinyusb/src/class/cdc/cdc_device.c.obj
                0x10003b98                cdcd_init
 .text.cdcd_deinit
                0x10003c08       0x30 CMakeFiles/main.dir/C_/Users/krzys/.pico-sdk/sdk/2.1.1/lib/tinyusb/src/class/cdc/cdc_device.c.obj
                0x10003c08                cdcd_deinit
 .text.cdcd_reset
                0x10003c38       0x4c CMakeFiles/main.dir/C_/Users/krzys/.pico-sdk/sdk/2.1.1/lib/tinyusb/src/class/cdc/cdc_device.c.obj
                0x10003c38                cdcd_reset
 .text.cdcd_open
                0x10003c84       0xa4 CMakeFiles/main.dir/C_/Users/krzys/.pico-sdk/sdk/2.1.1/lib/tinyusb/src/class/cdc/cdc_device.c.obj
                0x10003c84                cdcd_open
 .text.cdcd_control_xfer_cb
                0x10003d28       0xe8 CMakeFiles/main.dir/C_/Users/krzys/.pico-sdk/sdk/2.1.1/lib/tinyusb/src/class/cdc/cdc_device.c.obj
                0x10003d28                cdcd_control_xfer_cb
 .text.cdcd_xfer_cb
                0x10003e10      0x100 CMakeFiles/main.dir/C_/Users/krzys/.pico-sdk/sdk/2.1.1/lib/tinyusb/src/class/cdc/cdc_device.c.obj
                0x10003e10                cdcd_xfer_cb
 .text.vendord_init
                0x10003f10       0x5c CMakeFiles/main.dir/C_/Users/krzys/.pico-sdk/sdk/2.1.1/lib/tinyusb/src/class/vendor/vendor_device.c.obj
                0x10003f10                vendord_init
 .text.vendord_deinit
                0x10003f6c       0x1c CMakeFiles/main.dir/C_/Users/krzys/.pico-sdk/sdk/2.1.1/lib/tinyusb/src/class/vendor/vendor_device.c.obj
                0x10003f6c                vendord_deinit
 .text.vendord_reset
                0x10003f88       0x28 CMakeFiles/main.dir/C_/Users/krzys/.pico-sdk/sdk/2.1.1/lib/tinyusb/src/class/vendor/vendor_device.c.obj
                0x10003f88                vendord_reset
 .text.vendord_open
                0x10003fb0      0x120 CMakeFiles/main.dir/C_/Users/krzys/.pico-sdk/sdk/2.1.1/lib/tinyusb/src/class/vendor/vendor_device.c.obj
                0x10003fb0                vendord_open
 .text.vendord_xfer_cb
                0x100040d0       0x9c CMakeFiles/main.dir/C_/Users/krzys/.pico-sdk/sdk/2.1.1/lib/tinyusb/src/class/vendor/vendor_device.c.obj
                0x100040d0                vendord_xfer_cb
 .text.tusb_rhport_init
                0x1000416c       0x4c CMakeFiles/main.dir/C_/Users/krzys/.pico-sdk/sdk/2.1.1/lib/tinyusb/src/tusb.c.obj
                0x1000416c                tusb_rhport_init
 .text.tu_edpt_claim
                0x100041b8       0x50 CMakeFiles/main.dir/C_/Users/krzys/.pico-sdk/sdk/2.1.1/lib/tinyusb/src/tusb.c.obj
                0x100041b8                tu_edpt_claim
 .text.tu_edpt_release
                0x10004208       0x38 CMakeFiles/main.dir/C_/Users/krzys/.pico-sdk/sdk/2.1.1/lib/tinyusb/src/tusb.c.obj
                0x10004208                tu_edpt_release
 .text.tu_edpt_validate
                0x10004240       0x7c CMakeFiles/main.dir/C_/Users/krzys/.pico-sdk/sdk/2.1.1/lib/tinyusb/src/tusb.c.obj
                0x10004240                tu_edpt_validate
 .text.tu_edpt_bind_driver
                0x100042bc       0x34 CMakeFiles/main.dir/C_/Users/krzys/.pico-sdk/sdk/2.1.1/lib/tinyusb/src/tusb.c.obj
                0x100042bc                tu_edpt_bind_driver
 .text.tu_edpt_stream_init
                0x100042f0       0x6c CMakeFiles/main.dir/C_/Users/krzys/.pico-sdk/sdk/2.1.1/lib/tinyusb/src/tusb.c.obj
                0x100042f0                tu_edpt_stream_init
 .text.tu_edpt_stream_deinit
                0x1000435c        0x4 CMakeFiles/main.dir/C_/Users/krzys/.pico-sdk/sdk/2.1.1/lib/tinyusb/src/tusb.c.obj
                0x1000435c                tu_edpt_stream_deinit
 .text.tu_edpt_stream_write_zlp_if_needed
                0x10004360       0x68 CMakeFiles/main.dir/C_/Users/krzys/.pico-sdk/sdk/2.1.1/lib/tinyusb/src/tusb.c.obj
                0x10004360                tu_edpt_stream_write_zlp_if_needed
 .text.tu_edpt_stream_write_xfer
                0x100043c8       0x68 CMakeFiles/main.dir/C_/Users/krzys/.pico-sdk/sdk/2.1.1/lib/tinyusb/src/tusb.c.obj
                0x100043c8                tu_edpt_stream_write_xfer
 .text.tu_edpt_stream_read_xfer
                0x10004430       0xd8 CMakeFiles/main.dir/C_/Users/krzys/.pico-sdk/sdk/2.1.1/lib/tinyusb/src/tusb.c.obj
                0x10004430                tu_edpt_stream_read_xfer
 .text.tu_fifo_config
                0x10004508       0x6c CMakeFiles/main.dir/C_/Users/krzys/.pico-sdk/sdk/2.1.1/lib/tinyusb/src/common/tusb_fifo.c.obj
                0x10004508                tu_fifo_config
 .text.tu_fifo_count
                0x10004574       0x2c CMakeFiles/main.dir/C_/Users/krzys/.pico-sdk/sdk/2.1.1/lib/tinyusb/src/common/tusb_fifo.c.obj
                0x10004574                tu_fifo_count
 .text.tu_fifo_empty
                0x100045a0       0x10 CMakeFiles/main.dir/C_/Users/krzys/.pico-sdk/sdk/2.1.1/lib/tinyusb/src/common/tusb_fifo.c.obj
                0x100045a0                tu_fifo_empty
 .text.tu_fifo_remaining
                0x100045b0       0x2c CMakeFiles/main.dir/C_/Users/krzys/.pico-sdk/sdk/2.1.1/lib/tinyusb/src/common/tusb_fifo.c.obj
                0x100045b0                tu_fifo_remaining
 .text.tu_fifo_read
                0x100045dc       0x9c CMakeFiles/main.dir/C_/Users/krzys/.pico-sdk/sdk/2.1.1/lib/tinyusb/src/common/tusb_fifo.c.obj
                0x100045dc                tu_fifo_read
 .text.tu_fifo_read_n
                0x10004678       0xe8 CMakeFiles/main.dir/C_/Users/krzys/.pico-sdk/sdk/2.1.1/lib/tinyusb/src/common/tusb_fifo.c.obj
                0x10004678                tu_fifo_read_n
 .text.tu_fifo_write
                0x10004760       0xa4 CMakeFiles/main.dir/C_/Users/krzys/.pico-sdk/sdk/2.1.1/lib/tinyusb/src/common/tusb_fifo.c.obj
                0x10004760                tu_fifo_write
 .text.tu_fifo_write_n
                0x10004804      0x178 CMakeFiles/main.dir/C_/Users/krzys/.pico-sdk/sdk/2.1.1/lib/tinyusb/src/common/tusb_fifo.c.obj
                0x10004804                tu_fifo_write_n
 .text.tu_fifo_clear
                0x1000497c       0x40 CMakeFiles/main.dir/C_/Users/krzys/.pico-sdk/sdk/2.1.1/lib/tinyusb/src/common/tusb_fifo.c.obj
                0x1000497c                tu_fifo_clear
 .text.tu_fifo_set_overwritable
                0x100049bc       0x48 CMakeFiles/main.dir/C_/Users/krzys/.pico-sdk/sdk/2.1.1/lib/tinyusb/src/common/tusb_fifo.c.obj
                0x100049bc                tu_fifo_set_overwritable
 .text.pio_sm_set_consecutive_pindirs
                0x10004a04       0xb4 CMakeFiles/main.dir/C_/Users/krzys/.pico-sdk/sdk/2.1.1/src/rp2_common/hardware_pio/pio.c.obj
                0x10004a04                pio_sm_set_consecutive_pindirs
 .text.pio_sm_init
                0x10004ab8       0x9c CMakeFiles/main.dir/C_/Users/krzys/.pico-sdk/sdk/2.1.1/src/rp2_common/hardware_pio/pio.c.obj
                0x10004ab8                pio_sm_init
 .text.pio_claim_free_sm_and_add_program_for_gpio_range
                0x10004b54      0x184 CMakeFiles/main.dir/C_/Users/krzys/.pico-sdk/sdk/2.1.1/src/rp2_common/hardware_pio/pio.c.obj
                0x10004b54                pio_claim_free_sm_and_add_program_for_gpio_range
 .text.dma_claim_unused_channel
                0x10004cd8       0x24 CMakeFiles/main.dir/C_/Users/krzys/.pico-sdk/sdk/2.1.1/src/rp2_common/hardware_dma/dma.c.obj
                0x10004cd8                dma_claim_unused_channel
 .text.strlen   0x10004cfc       0x5c C:/Users/krzys/.pico-sdk/toolchain/14_2_Rel1/bin/../lib/gcc/arm-none-eabi/14.2.1/thumb/v6-m/nofp\libg.a(libc_a-strlen-stub.o)
                0x10004cfc                strlen
 *(.fini)
 .fini          0x10004d58        0x4 C:/Users/krzys/.pico-sdk/toolchain/14_2_Rel1/bin/../lib/gcc/arm-none-eabi/14.2.1/thumb/v6-m/nofp/crti.o
                0x10004d58                _fini
 *fill*         0x10004d5c        0x4 
 .fini.__stub   0x10004d60       0xb0 linker stubs
 *crtbegin.o(.ctors)
 *crtbegin?.o(.ctors)
 *(EXCLUDE_FILE(*crtend.o *crtend?.o) .ctors)
 *(SORT_BY_NAME(.ctors.*))
 *(.ctors)
 *crtbegin.o(.dtors)
 *crtbegin?.o(.dtors)
 *(EXCLUDE_FILE(*crtend.o *crtend?.o) .dtors)
 *(SORT_BY_NAME(.dtors.*))
 *(.dtors)
                0x10004e10                        . = ALIGN (0x4)
                0x10004e10                        PROVIDE (__preinit_array_start = .)
 *(SORT_BY_NAME(.preinit_array.*))
 .preinit_array.00100
                0x10004e10        0x4 CMakeFiles/main.dir/C_/Users/krzys/.pico-sdk/sdk/2.1.1/src/rp2_common/pico_runtime_init/runtime_init.c.obj
                0x10004e10                __pre_init_runtime_init_early_resets
 .preinit_array.00101
                0x10004e14        0x4 CMakeFiles/main.dir/C_/Users/krzys/.pico-sdk/sdk/2.1.1/src/rp2_common/pico_runtime_init/runtime_init.c.obj
                0x10004e14                __pre_init_runtime_init_usb_power_down
 .preinit_array.00275
                0x10004e18        0x4 CMakeFiles/main.dir/C_/Users/krzys/.pico-sdk/sdk/2.1.1/src/rp2_common/pico_bit_ops/bit_ops_aeabi.S.obj
 .preinit_array.00300
                0x10004e1c        0x4 CMakeFiles/main.dir/C_/Users/krzys/.pico-sdk/sdk/2.1.1/src/rp2_common/pico_mem_ops/mem_ops_aeabi.S.obj
 .preinit_array.00350
                0x10004e20        0x4 CMakeFiles/main.dir/C_/Users/krzys/.pico-sdk/sdk/2.1.1/src/rp2_common/pico_double/double_aeabi_rp2040.S.obj
 .preinit_array.00350
                0x10004e24        0x4 CMakeFiles/main.dir/C_/Users/krzys/.pico-sdk/sdk/2.1.1/src/rp2_common/pico_float/float_aeabi_rp2040.S.obj
 .preinit_array.00500
                0x10004e28        0x4 CMakeFiles/main.dir/C_/Users/krzys/.pico-sdk/sdk/2.1.1/src/rp2_common/pico_runtime_init/runtime_init.c.obj
                0x10004e28                __pre_init_runtime_init_clocks
 .preinit_array.00600
                0x10004e2c        0x4 CMakeFiles/main.dir/C_/Users/krzys/.pico-sdk/sdk/2.1.1/src/rp2_common/pico_runtime_init/runtime_init.c.obj
                0x10004e2c                __pre_init_runtime_init_post_clock_resets
 .preinit_array.00700
                0x10004e30        0x4 CMakeFiles/main.dir/C_/Users/krzys/.pico-sdk/sdk/2.1.1/src/rp2_common/pico_runtime_init/runtime_init.c.obj
                0x10004e30                __pre_init_runtime_init_rp2040_gpio_ie_disable
 .preinit_array.01000
                0x10004e34        0x4 CMakeFiles/main.dir/C_/Users/krzys/.pico-sdk/sdk/2.1.1/src/rp2_common/pico_runtime_init/runtime_init.c.obj
                0x10004e34                __pre_init_runtime_init_spin_locks_reset
 .preinit_array.01100
                0x10004e38        0x4 CMakeFiles/main.dir/C_/Users/krzys/.pico-sdk/sdk/2.1.1/src/common/pico_sync/mutex.c.obj
                0x10004e38                __pre_init_runtime_init_mutex
 .preinit_array.10080
                0x10004e3c        0x4 CMakeFiles/main.dir/C_/Users/krzys/.pico-sdk/sdk/2.1.1/src/rp2_common/pico_runtime_init/runtime_init.c.obj
                0x10004e3c                __pre_init_runtime_init_install_ram_vector_table
 .preinit_array.11000
                0x10004e40        0x4 CMakeFiles/main.dir/C_/Users/krzys/.pico-sdk/sdk/2.1.1/src/common/pico_time/time.c.obj
                0x10004e40                __pre_init_runtime_init_default_alarm_pool
 .preinit_array.YYYYY
                0x10004e44        0x4 CMakeFiles/main.dir/C_/Users/krzys/.pico-sdk/sdk/2.1.1/src/rp2_common/pico_runtime/runtime.c.obj
                0x10004e44                __pre_init_first_per_core_initializer
 .preinit_array.ZZZZZ.01200
                0x10004e48        0x4 CMakeFiles/main.dir/C_/Users/krzys/.pico-sdk/sdk/2.1.1/src/rp2_common/hardware_irq/irq.c.obj
                0x10004e48                __pre_init_runtime_init_per_core_irq_priorities
 *(.preinit_array)
                0x10004e4c                        PROVIDE (__preinit_array_end = .)
                0x10004e4c                        . = ALIGN (0x4)
                0x10004e4c                        PROVIDE (__init_array_start = .)
 *(SORT_BY_NAME(.init_array.*))
 *(.init_array)
 .init_array    0x10004e4c        0x4 C:/Users/krzys/.pico-sdk/toolchain/14_2_Rel1/bin/../lib/gcc/arm-none-eabi/14.2.1/thumb/v6-m/nofp/crtbegin.o
 .init_array    0x10004e50        0x4 CMakeFiles/main.dir/C_/Users/krzys/.pico-sdk/sdk/2.1.1/src/rp2_common/pico_unique_id/unique_id.c.obj
                0x10004e54                        PROVIDE (__init_array_end = .)
                0x10004e54                        . = ALIGN (0x4)
                [!provide]                        PROVIDE (__fini_array_start = .)
 *(SORT_BY_NAME(.fini_array.*))
 *(.fini_array)
                [!provide]                        PROVIDE (__fini_array_end = .)
 *(.eh_frame*)
 .eh_frame      0x10004e54        0x0 C:/Users/krzys/.pico-sdk/toolchain/14_2_Rel1/bin/../lib/gcc/arm-none-eabi/14.2.1/thumb/v6-m/nofp/crtbegin.o
                0x10004e54                        . = ALIGN (0x4)

.glue_7         0x10004e54        0x0
 .glue_7        0x10004e54        0x0 linker stubs

.glue_7t        0x10004e54        0x0
 .glue_7t       0x10004e54        0x0 linker stubs

.vfp11_veneer   0x10004e54        0x0
 .vfp11_veneer  0x10004e54        0x0 linker stubs

.v4_bx          0x10004e54        0x0
 .v4_bx         0x10004e54        0x0 linker stubs

.iplt           0x10004e54        0x0
 .iplt          0x10004e54        0x0 C:/Users/krzys/.pico-sdk/toolchain/14_2_Rel1/bin/../lib/gcc/arm-none-eabi/14.2.1/thumb/v6-m/nofp/crtbegin.o

.rodata         0x10004e54      0x4ac
 *(EXCLUDE_FILE(*libm.a: *libc.a:*lib_a-mem*.o *libgcc.a:) .rodata*)
 .rodata.read_gpio_program
                0x10004e54        0x8 CMakeFiles/main.dir/main.c.obj
 .rodata.read_gpio_program_instructions
                0x10004e5c        0xa CMakeFiles/main.dir/main.c.obj
 *fill*         0x10004e66        0x2 
 .rodata.tud_cdc_rx_cb.str1.4
                0x10004e68      0x1de CMakeFiles/main.dir/Communication/communication.c.obj
                                 0x28 (size before relaxing)
 .rodata.communication_sendProcedure.str1.4
                0x10005046        0x5 CMakeFiles/main.dir/Communication/communication.c.obj
 .rodata.panic.str1.4
                0x10005046       0x12 CMakeFiles/main.dir/C_/Users/krzys/.pico-sdk/sdk/2.1.1/src/rp2_common/pico_platform_panic/panic.c.obj
 .rodata.spin_lock_claim_unused.str1.4
                0x10005046       0x1b CMakeFiles/main.dir/C_/Users/krzys/.pico-sdk/sdk/2.1.1/src/rp2_common/hardware_sync/sync.c.obj
 .rodata.user_irq_claim_unused.str1.4
                0x10005046       0x1b CMakeFiles/main.dir/C_/Users/krzys/.pico-sdk/sdk/2.1.1/src/rp2_common/hardware_irq/irq.c.obj
 .rodata.timer_hardware_alarm_claim.str1.4
                0x10005046       0x22 CMakeFiles/main.dir/C_/Users/krzys/.pico-sdk/sdk/2.1.1/src/rp2_common/hardware_timer/timer.c.obj
 .rodata.hard_assertion_failure.str1.4
                0x10005046        0xc CMakeFiles/main.dir/C_/Users/krzys/.pico-sdk/sdk/2.1.1/src/rp2_common/pico_runtime/runtime.c.obj
 .rodata.missing_double_func_shim.str1.4
                0x10005046       0x18 CMakeFiles/main.dir/C_/Users/krzys/.pico-sdk/sdk/2.1.1/src/rp2_common/pico_double/double_init_rom_rp2040.c.obj
 .rodata.missing_float_func_shim.str1.4
                0x10005046        0x1 CMakeFiles/main.dir/C_/Users/krzys/.pico-sdk/sdk/2.1.1/src/rp2_common/pico_float/float_init_rom_rp2040.c.obj
 .rodata.str1.4
                0x10005046       0x3c CMakeFiles/main.dir/C_/Users/krzys/.pico-sdk/sdk/2.1.1/src/rp2_common/pico_standard_binary_info/standard_binary_info.c.obj
 *fill*         0x10005046        0x2 
 .rodata.__bi_84
                0x10005048        0xc CMakeFiles/main.dir/C_/Users/krzys/.pico-sdk/sdk/2.1.1/src/rp2_common/pico_standard_binary_info/standard_binary_info.c.obj
 .rodata.__bi_78
                0x10005054        0xc CMakeFiles/main.dir/C_/Users/krzys/.pico-sdk/sdk/2.1.1/src/rp2_common/pico_standard_binary_info/standard_binary_info.c.obj
 .rodata.__bi_54
                0x10005060        0xc CMakeFiles/main.dir/C_/Users/krzys/.pico-sdk/sdk/2.1.1/src/rp2_common/pico_standard_binary_info/standard_binary_info.c.obj
 .rodata.__bi_48
                0x1000506c        0xc CMakeFiles/main.dir/C_/Users/krzys/.pico-sdk/sdk/2.1.1/src/rp2_common/pico_standard_binary_info/standard_binary_info.c.obj
 .rodata.__bi_42
                0x10005078        0xc CMakeFiles/main.dir/C_/Users/krzys/.pico-sdk/sdk/2.1.1/src/rp2_common/pico_standard_binary_info/standard_binary_info.c.obj
 .rodata.__bi_34
                0x10005084        0xc CMakeFiles/main.dir/C_/Users/krzys/.pico-sdk/sdk/2.1.1/src/rp2_common/pico_standard_binary_info/standard_binary_info.c.obj
 .rodata.__bi_26
                0x10005090        0xc CMakeFiles/main.dir/C_/Users/krzys/.pico-sdk/sdk/2.1.1/src/rp2_common/pico_standard_binary_info/standard_binary_info.c.obj
 .rodata.crlf_str.0
                0x1000509c        0x2 CMakeFiles/main.dir/C_/Users/krzys/.pico-sdk/sdk/2.1.1/src/rp2_common/pico_stdio/stdio.c.obj
 *fill*         0x1000509e        0x2 
 .rodata._resetd_driver
                0x100050a0       0x20 CMakeFiles/main.dir/C_/Users/krzys/.pico-sdk/sdk/2.1.1/src/rp2_common/pico_stdio_usb/reset_interface.c.obj
 .rodata.desc_ms_os_20
                0x100050c0       0xa6 CMakeFiles/main.dir/C_/Users/krzys/.pico-sdk/sdk/2.1.1/src/rp2_common/pico_stdio_usb/reset_interface.c.obj
 *fill*         0x10005166        0x2 
 .rodata.desc_bos
                0x10005168       0x21 CMakeFiles/main.dir/C_/Users/krzys/.pico-sdk/sdk/2.1.1/src/rp2_common/pico_stdio_usb/reset_interface.c.obj
                0x10005168                desc_bos
 .rodata.str1.4
                0x10005189       0x13 CMakeFiles/main.dir/C_/Users/krzys/.pico-sdk/sdk/2.1.1/src/rp2_common/pico_stdio_usb/stdio_usb.c.obj
 *fill*         0x10005189        0x3 
 .rodata.__bi_197.0
                0x1000518c        0xc CMakeFiles/main.dir/C_/Users/krzys/.pico-sdk/sdk/2.1.1/src/rp2_common/pico_stdio_usb/stdio_usb.c.obj
 .rodata.str1.4
                0x10005198       0x2a CMakeFiles/main.dir/C_/Users/krzys/.pico-sdk/sdk/2.1.1/src/rp2_common/pico_stdio_usb/stdio_usb_descriptors.c.obj
 .rodata.usbd_desc_str
                0x10005198       0x18 CMakeFiles/main.dir/C_/Users/krzys/.pico-sdk/sdk/2.1.1/src/rp2_common/pico_stdio_usb/stdio_usb_descriptors.c.obj
 .rodata.usbd_desc_cfg
                0x100051b0       0x54 CMakeFiles/main.dir/C_/Users/krzys/.pico-sdk/sdk/2.1.1/src/rp2_common/pico_stdio_usb/stdio_usb_descriptors.c.obj
 .rodata.usbd_desc_device
                0x10005204       0x12 CMakeFiles/main.dir/C_/Users/krzys/.pico-sdk/sdk/2.1.1/src/rp2_common/pico_stdio_usb/stdio_usb_descriptors.c.obj
 .rodata.str1.4
                0x10005216       0x14 CMakeFiles/main.dir/C_/Users/krzys/.pico-sdk/sdk/2.1.1/lib/tinyusb/src/portable/raspberrypi/rp2040/dcd_rp2040.c.obj
 .rodata.str1.4
                0x10005216       0x48 CMakeFiles/main.dir/C_/Users/krzys/.pico-sdk/sdk/2.1.1/lib/tinyusb/src/portable/raspberrypi/rp2040/rp2040_usb.c.obj
 *fill*         0x10005216        0x2 
 .rodata.tud_task_ext
                0x10005218       0x8c CMakeFiles/main.dir/C_/Users/krzys/.pico-sdk/sdk/2.1.1/lib/tinyusb/src/device/usbd.c.obj
 .rodata        0x100052a4       0x1c CMakeFiles/main.dir/C_/Users/krzys/.pico-sdk/sdk/2.1.1/lib/tinyusb/src/device/usbd.c.obj
 .rodata._usbd_driver
                0x100052c0       0x40 CMakeFiles/main.dir/C_/Users/krzys/.pico-sdk/sdk/2.1.1/lib/tinyusb/src/device/usbd.c.obj
 .rodata.pio_claim_unused_sm.str1.4
                0x10005300       0x24 CMakeFiles/main.dir/C_/Users/krzys/.pico-sdk/sdk/2.1.1/src/rp2_common/hardware_pio/pio.c.obj
 .rodata.dma_claim_unused_channel.str1.4
                0x10005300       0x1e CMakeFiles/main.dir/C_/Users/krzys/.pico-sdk/sdk/2.1.1/src/rp2_common/hardware_dma/dma.c.obj
                0x10005324                        . = ALIGN (0x4)
 *(SORT_BY_ALIGNMENT(SORT_BY_NAME(.flashdata*)))
                0x10005324                        . = ALIGN (0x4)

.ARM.extab
 *(.ARM.extab* .gnu.linkonce.armextab.*)
                0x10005300                        __exidx_start = .

.ARM.exidx
 *(.ARM.exidx* .gnu.linkonce.armexidx.*)
                0x10005300                        __exidx_end = .
                0x10005324                        . = ALIGN (0x4)
                0x10005300                        __binary_info_start = .

.binary_info    0x10005300       0x20
 *(.binary_info.keep.*)
 .binary_info.keep.__bi_ptr84
                0x10005300        0x4 CMakeFiles/main.dir/C_/Users/krzys/.pico-sdk/sdk/2.1.1/src/rp2_common/pico_standard_binary_info/standard_binary_info.c.obj
 .binary_info.keep.__bi_ptr78
                0x10005304        0x4 CMakeFiles/main.dir/C_/Users/krzys/.pico-sdk/sdk/2.1.1/src/rp2_common/pico_standard_binary_info/standard_binary_info.c.obj
 .binary_info.keep.__bi_ptr54
                0x10005308        0x4 CMakeFiles/main.dir/C_/Users/krzys/.pico-sdk/sdk/2.1.1/src/rp2_common/pico_standard_binary_info/standard_binary_info.c.obj
 .binary_info.keep.__bi_ptr48
                0x1000530c        0x4 CMakeFiles/main.dir/C_/Users/krzys/.pico-sdk/sdk/2.1.1/src/rp2_common/pico_standard_binary_info/standard_binary_info.c.obj
 .binary_info.keep.__bi_ptr42
                0x10005310        0x4 CMakeFiles/main.dir/C_/Users/krzys/.pico-sdk/sdk/2.1.1/src/rp2_common/pico_standard_binary_info/standard_binary_info.c.obj
 .binary_info.keep.__bi_ptr34
                0x10005314        0x4 CMakeFiles/main.dir/C_/Users/krzys/.pico-sdk/sdk/2.1.1/src/rp2_common/pico_standard_binary_info/standard_binary_info.c.obj
 .binary_info.keep.__bi_ptr26
                0x10005318        0x4 CMakeFiles/main.dir/C_/Users/krzys/.pico-sdk/sdk/2.1.1/src/rp2_common/pico_standard_binary_info/standard_binary_info.c.obj
 *(.binary_info.*)
 .binary_info.__bi_ptr197
                0x1000531c        0x4 CMakeFiles/main.dir/C_/Users/krzys/.pico-sdk/sdk/2.1.1/src/rp2_common/pico_stdio_usb/stdio_usb.c.obj
                0x10005320                        __binary_info_end = .

.rel.dyn        0x10005320        0x0
 .rel.iplt      0x10005320        0x0 C:/Users/krzys/.pico-sdk/toolchain/14_2_Rel1/bin/../lib/gcc/arm-none-eabi/14.2.1/thumb/v6-m/nofp/crtbegin.o
                0x10005320                        . = ALIGN (0x4)

.ram_vector_table
                0x20000000       0xc0
 *(.ram_vector_table)
 .ram_vector_table
                0x20000000       0xc0 CMakeFiles/main.dir/C_/Users/krzys/.pico-sdk/sdk/2.1.1/src/rp2_common/pico_runtime_init/runtime_init.c.obj
                0x20000000                ram_vector_table

.uninitialized_data
                0x200000c0        0x0
                0x200000c0                        . = ALIGN (0x4)
 *(.uninitialized_data*)

.data           0x200000c0      0xfa8 load address 0x10005320
                0x200000c0                        __data_start__ = .
 *(vtable)
 *(.time_critical*)
 .time_critical.mutex_try_enter
                0x200000c0       0x40 CMakeFiles/main.dir/C_/Users/krzys/.pico-sdk/sdk/2.1.1/src/common/pico_sync/mutex.c.obj
                0x200000c0                mutex_try_enter
 .time_critical.mutex_try_enter_block_until
                0x20000100       0x98 CMakeFiles/main.dir/C_/Users/krzys/.pico-sdk/sdk/2.1.1/src/common/pico_sync/mutex.c.obj
                0x20000100                mutex_try_enter_block_until
 .time_critical.mutex_enter_timeout_ms
                0x20000198       0x8c CMakeFiles/main.dir/C_/Users/krzys/.pico-sdk/sdk/2.1.1/src/common/pico_sync/mutex.c.obj
                0x20000198                mutex_enter_timeout_ms
 .time_critical.mutex_exit
                0x20000224       0x28 CMakeFiles/main.dir/C_/Users/krzys/.pico-sdk/sdk/2.1.1/src/common/pico_sync/mutex.c.obj
                0x20000224                mutex_exit
 .time_critical.flash_init_boot2_copyout
                0x2000024c       0x30 CMakeFiles/main.dir/C_/Users/krzys/.pico-sdk/sdk/2.1.1/src/rp2_common/hardware_flash/flash.c.obj
 .time_critical.flash_enable_xip_via_boot2
                0x2000027c        0xc CMakeFiles/main.dir/C_/Users/krzys/.pico-sdk/sdk/2.1.1/src/rp2_common/hardware_flash/flash.c.obj
 .time_critical.flash_cs_force
                0x20000288       0x38 CMakeFiles/main.dir/C_/Users/krzys/.pico-sdk/sdk/2.1.1/src/rp2_common/hardware_flash/flash.c.obj
 .time_critical.flash_do_cmd
                0x200002c0      0x130 CMakeFiles/main.dir/C_/Users/krzys/.pico-sdk/sdk/2.1.1/src/rp2_common/hardware_flash/flash.c.obj
                0x200002c0                flash_do_cmd
 .time_critical.reset_non_control_endpoints
                0x200003f0       0x68 CMakeFiles/main.dir/C_/Users/krzys/.pico-sdk/sdk/2.1.1/lib/tinyusb/src/portable/raspberrypi/rp2040/dcd_rp2040.c.obj
 .time_critical.hw_handle_buff_status
                0x20000458       0xa0 CMakeFiles/main.dir/C_/Users/krzys/.pico-sdk/sdk/2.1.1/lib/tinyusb/src/portable/raspberrypi/rp2040/dcd_rp2040.c.obj
 .time_critical.dcd_rp2040_irq
                0x200004f8      0x548 CMakeFiles/main.dir/C_/Users/krzys/.pico-sdk/sdk/2.1.1/lib/tinyusb/src/portable/raspberrypi/rp2040/dcd_rp2040.c.obj
 .time_critical.prepare_ep_buffer
                0x20000a40       0xc8 CMakeFiles/main.dir/C_/Users/krzys/.pico-sdk/sdk/2.1.1/lib/tinyusb/src/portable/raspberrypi/rp2040/rp2040_usb.c.obj
 .time_critical.sync_ep_buffer
                0x20000b08       0x9c CMakeFiles/main.dir/C_/Users/krzys/.pico-sdk/sdk/2.1.1/lib/tinyusb/src/portable/raspberrypi/rp2040/rp2040_usb.c.obj
 .time_critical._hw_endpoint_xfer_sync
                0x20000ba4       0x28 CMakeFiles/main.dir/C_/Users/krzys/.pico-sdk/sdk/2.1.1/lib/tinyusb/src/portable/raspberrypi/rp2040/rp2040_usb.c.obj
 .time_critical.e15_is_bulkin_ep
                0x20000bcc       0x28 CMakeFiles/main.dir/C_/Users/krzys/.pico-sdk/sdk/2.1.1/lib/tinyusb/src/portable/raspberrypi/rp2040/rp2040_usb.c.obj
 .time_critical.e15_is_critical_frame_period
                0x20000bf4       0x34 CMakeFiles/main.dir/C_/Users/krzys/.pico-sdk/sdk/2.1.1/lib/tinyusb/src/portable/raspberrypi/rp2040/rp2040_usb.c.obj
 .time_critical.hw_endpoint_reset_transfer
                0x20000c28        0xc CMakeFiles/main.dir/C_/Users/krzys/.pico-sdk/sdk/2.1.1/lib/tinyusb/src/portable/raspberrypi/rp2040/rp2040_usb.c.obj
                0x20000c28                hw_endpoint_reset_transfer
 .time_critical._hw_endpoint_buffer_control_update32
                0x20000c34       0x50 CMakeFiles/main.dir/C_/Users/krzys/.pico-sdk/sdk/2.1.1/lib/tinyusb/src/portable/raspberrypi/rp2040/rp2040_usb.c.obj
                0x20000c34                _hw_endpoint_buffer_control_update32
 .time_critical.hw_endpoint_start_next_buffer
                0x20000c84       0x68 CMakeFiles/main.dir/C_/Users/krzys/.pico-sdk/sdk/2.1.1/lib/tinyusb/src/portable/raspberrypi/rp2040/rp2040_usb.c.obj
                0x20000c84                hw_endpoint_start_next_buffer
 .time_critical.hw_endpoint_xfer_continue
                0x20000cec       0x40 CMakeFiles/main.dir/C_/Users/krzys/.pico-sdk/sdk/2.1.1/lib/tinyusb/src/portable/raspberrypi/rp2040/rp2040_usb.c.obj
                0x20000cec                hw_endpoint_xfer_continue
 .time_critical.tinyusb
                0x20000d2c      0x1e4 CMakeFiles/main.dir/C_/Users/krzys/.pico-sdk/sdk/2.1.1/lib/tinyusb/src/device/usbd.c.obj
                0x20000d2c                dcd_event_handler
 *(.text*)
 .text          0x20000f10        0x4 C:/Users/krzys/.pico-sdk/toolchain/14_2_Rel1/bin/../lib/gcc/arm-none-eabi/14.2.1/thumb/v6-m/nofp\libgcc.a(_dvmd_tls.o)
                0x20000f10                __aeabi_idiv0
                0x20000f10                __aeabi_ldiv0
 *fill*         0x20000f14        0x4 
 .text.__stub   0x20000f18       0x80 linker stubs
                0x20000f98                        . = ALIGN (0x4)
 *(.rodata*)
                0x20000f98                        . = ALIGN (0x4)
 *(.data*)
 .data.read_mask
                0x20000f98        0x4 CMakeFiles/main.dir/main.c.obj
                0x20000f98                read_mask
 .data.striped_spin_lock_num
                0x20000f9c        0x1 CMakeFiles/main.dir/C_/Users/krzys/.pico-sdk/sdk/2.1.1/src/rp2_common/hardware_sync/sync.c.obj
 *fill*         0x20000f9d        0x3 
 .data          0x20000fa0       0x48 CMakeFiles/main.dir/C_/Users/krzys/.pico-sdk/sdk/2.1.1/src/rp2_common/hardware_irq/irq_handler_chain.S.obj
                0x20000fa0                irq_handler_chain_slots
                0x20000fd0                irq_handler_chain_first_slot
                0x20000fda                irq_handler_chain_remove_tail
 .data.default_alarm_pool
                0x20000fe8       0x18 CMakeFiles/main.dir/C_/Users/krzys/.pico-sdk/sdk/2.1.1/src/common/pico_time/time.c.obj
 *fill*         0x20001000        0x0 
 .data.aeabi_bits_funcs
                0x20001000       0x10 CMakeFiles/main.dir/C_/Users/krzys/.pico-sdk/sdk/2.1.1/src/rp2_common/pico_bit_ops/bit_ops_aeabi.S.obj
                0x20001000                aeabi_bits_funcs
                0x20001010                aeabi_bits_funcs_end
 .data.aeabi_mem_funcs
                0x20001010       0x10 CMakeFiles/main.dir/C_/Users/krzys/.pico-sdk/sdk/2.1.1/src/rp2_common/pico_mem_ops/mem_ops_aeabi.S.obj
                0x20001010                aeabi_mem_funcs
                0x20001020                aeabi_mem_funcs_end
 .data.stdio_usb
                0x20001020       0x18 CMakeFiles/main.dir/C_/Users/krzys/.pico-sdk/sdk/2.1.1/src/rp2_common/pico_stdio_usb/stdio_usb.c.obj
                0x20001020                stdio_usb
 .data._usbd_qdef
                0x20001038       0x1c CMakeFiles/main.dir/C_/Users/krzys/.pico-sdk/sdk/2.1.1/lib/tinyusb/src/device/usbd.c.obj
                0x20001038                _usbd_qdef
 .data._usbd_rhport
                0x20001054        0x1 CMakeFiles/main.dir/C_/Users/krzys/.pico-sdk/sdk/2.1.1/lib/tinyusb/src/device/usbd.c.obj
                0x20001058                        . = ALIGN (0x4)
 *fill*         0x20001055        0x3 
 *(.after_data.*)
                0x20001058                        . = ALIGN (0x4)
                0x20001058                        PROVIDE (__mutex_array_start = .)
 *(SORT_BY_NAME(.mutex_array.*))
 *(.mutex_array)
 .mutex_array   0x20001058        0x8 CMakeFiles/main.dir/C_/Users/krzys/.pico-sdk/sdk/2.1.1/src/rp2_common/pico_malloc/malloc.c.obj
 .mutex_array   0x20001060        0x8 CMakeFiles/main.dir/C_/Users/krzys/.pico-sdk/sdk/2.1.1/src/rp2_common/pico_stdio/stdio.c.obj
                0x20001068                        PROVIDE (__mutex_array_end = .)
                0x20001068                        . = ALIGN (0x4)
 *(.jcr)
                0x20001068                        . = ALIGN (0x4)

.tm_clone_table
                0x20001068        0x0 load address 0x100062c8
 .tm_clone_table
                0x20001068        0x0 C:/Users/krzys/.pico-sdk/toolchain/14_2_Rel1/bin/../lib/gcc/arm-none-eabi/14.2.1/thumb/v6-m/nofp/crtbegin.o
 .tm_clone_table
                0x20001068        0x0 C:/Users/krzys/.pico-sdk/toolchain/14_2_Rel1/bin/../lib/gcc/arm-none-eabi/14.2.1/thumb/v6-m/nofp/crtend.o

.igot.plt       0x20001068        0x0 load address 0x100062c8
 .igot.plt      0x20001068        0x0 C:/Users/krzys/.pico-sdk/toolchain/14_2_Rel1/bin/../lib/gcc/arm-none-eabi/14.2.1/thumb/v6-m/nofp/crtbegin.o

.tdata          0x20001068        0x0 load address 0x100062c8
                0x20001068                        . = ALIGN (0x4)
 *(.tdata .tdata.* .gnu.linkonce.td.*)
                0x20001068                        __tdata_end = .
                0x20001068                        PROVIDE (__data_end__ = .)
                0x10005320                        __etext = LOADADDR (.data)

.tbss           0x20001068        0x0 load address 0x100062c8
                0x20001068                        . = ALIGN (0x4)
                0x20001068                        __bss_start__ = .
                0x20001068                        __tls_base = .
 *(.tbss .tbss.* .gnu.linkonce.tb.*)
 *(.tcommon)
                0x20001068                        __tls_end = .

.bss            0x20001068     0x1f24 load address 0x100062c8
                0x20001068                        . = ALIGN (0x4)
                0x20001068                        __tbss_end = .
 *(SORT_BY_ALIGNMENT(SORT_BY_NAME(.bss*)))
 .bss.default_alarm_pool_entries
                0x20001068      0x180 CMakeFiles/main.dir/C_/Users/krzys/.pico-sdk/sdk/2.1.1/src/common/pico_time/time.c.obj
 .bss.last_avail_time.1
                0x200011e8        0x8 CMakeFiles/main.dir/C_/Users/krzys/.pico-sdk/sdk/2.1.1/src/rp2_common/pico_stdio_usb/stdio_usb.c.obj
 .bss.sd_table  0x200011f0      0x100 CMakeFiles/main.dir/C_/Users/krzys/.pico-sdk/sdk/2.1.1/src/rp2_common/pico_double/double_init_rom_rp2040.c.obj
                0x200011f0                sd_table
 .bss._app_driver
                0x200012f0        0x4 CMakeFiles/main.dir/C_/Users/krzys/.pico-sdk/sdk/2.1.1/lib/tinyusb/src/device/usbd.c.obj
 .bss._cdcd_epbuf
                0x200012f4       0x80 CMakeFiles/main.dir/C_/Users/krzys/.pico-sdk/sdk/2.1.1/lib/tinyusb/src/class/cdc/cdc_device.c.obj
 .bss._cdcd_fifo_cfg
                0x20001374        0x1 CMakeFiles/main.dir/C_/Users/krzys/.pico-sdk/sdk/2.1.1/lib/tinyusb/src/class/cdc/cdc_device.c.obj
 *fill*         0x20001375        0x3 
 .bss._cdcd_itf
                0x20001378       0xc8 CMakeFiles/main.dir/C_/Users/krzys/.pico-sdk/sdk/2.1.1/lib/tinyusb/src/class/cdc/cdc_device.c.obj
 .bss._ctrl_epbuf
                0x20001440       0x40 CMakeFiles/main.dir/C_/Users/krzys/.pico-sdk/sdk/2.1.1/lib/tinyusb/src/device/usbd_control.c.obj
 .bss._ctrl_xfer
                0x20001480       0x14 CMakeFiles/main.dir/C_/Users/krzys/.pico-sdk/sdk/2.1.1/lib/tinyusb/src/device/usbd_control.c.obj
 .bss._tusb_rhport_role
                0x20001494        0x2 CMakeFiles/main.dir/C_/Users/krzys/.pico-sdk/sdk/2.1.1/lib/tinyusb/src/tusb.c.obj
                0x20001494                _tusb_rhport_role
 *fill*         0x20001496        0x2 
 .bss._ubsd_mutexdef
                0x20001498        0x8 CMakeFiles/main.dir/C_/Users/krzys/.pico-sdk/sdk/2.1.1/lib/tinyusb/src/device/usbd.c.obj
 .bss._usbd_dev
                0x200014a0       0x54 CMakeFiles/main.dir/C_/Users/krzys/.pico-sdk/sdk/2.1.1/lib/tinyusb/src/device/usbd.c.obj
 .bss._usbd_mutex
                0x200014f4        0x4 CMakeFiles/main.dir/C_/Users/krzys/.pico-sdk/sdk/2.1.1/lib/tinyusb/src/device/usbd.c.obj
 .bss._usbd_q   0x200014f8        0x4 CMakeFiles/main.dir/C_/Users/krzys/.pico-sdk/sdk/2.1.1/lib/tinyusb/src/device/usbd.c.obj
 .bss._usbd_qdef_buf
                0x200014fc       0xc0 CMakeFiles/main.dir/C_/Users/krzys/.pico-sdk/sdk/2.1.1/lib/tinyusb/src/device/usbd.c.obj
                0x200014fc                _usbd_qdef_buf
 .bss._used_instruction_space
                0x200015bc        0x8 CMakeFiles/main.dir/C_/Users/krzys/.pico-sdk/sdk/2.1.1/src/rp2_common/hardware_pio/pio.c.obj
 .bss._vendord_epbuf
                0x200015c4       0x80 CMakeFiles/main.dir/C_/Users/krzys/.pico-sdk/sdk/2.1.1/lib/tinyusb/src/class/vendor/vendor_device.c.obj
 .bss._vendord_itf
                0x20001644      0x24c CMakeFiles/main.dir/C_/Users/krzys/.pico-sdk/sdk/2.1.1/lib/tinyusb/src/class/vendor/vendor_device.c.obj
 .bss._writeAddress
                0x20001890        0x4 CMakeFiles/main.dir/DMA/dma.c.obj
 .bss.boot2_copyout
                0x20001894      0x100 CMakeFiles/main.dir/C_/Users/krzys/.pico-sdk/sdk/2.1.1/src/rp2_common/hardware_flash/flash.c.obj
 .bss.chars_available_callback
                0x20001994        0x4 CMakeFiles/main.dir/C_/Users/krzys/.pico-sdk/sdk/2.1.1/src/rp2_common/pico_stdio_usb/stdio_usb.c.obj
 .bss.chars_available_param
                0x20001998        0x4 CMakeFiles/main.dir/C_/Users/krzys/.pico-sdk/sdk/2.1.1/src/rp2_common/pico_stdio_usb/stdio_usb.c.obj
 .bss.claimed   0x2000199c        0x4 CMakeFiles/main.dir/C_/Users/krzys/.pico-sdk/sdk/2.1.1/src/rp2_common/hardware_sync/sync.c.obj
 .bss.claimed   0x200019a0        0x1 CMakeFiles/main.dir/C_/Users/krzys/.pico-sdk/sdk/2.1.1/src/rp2_common/hardware_timer/timer.c.obj
 *fill*         0x200019a1        0x3 
 .bss.claimed   0x200019a4        0x1 CMakeFiles/main.dir/C_/Users/krzys/.pico-sdk/sdk/2.1.1/src/rp2_common/hardware_pio/pio.c.obj
 *fill*         0x200019a5        0x3 
 .bss.configured_freq
                0x200019a8       0x28 CMakeFiles/main.dir/C_/Users/krzys/.pico-sdk/sdk/2.1.1/src/rp2_common/hardware_clocks/clocks.c.obj
 .bss.desc_str.0
                0x200019d0       0x28 CMakeFiles/main.dir/C_/Users/krzys/.pico-sdk/sdk/2.1.1/src/rp2_common/pico_stdio_usb/stdio_usb_descriptors.c.obj
 .bss.dma_1     0x200019f8        0x4 CMakeFiles/main.dir/DMA/dma.c.obj
                0x200019f8                dma_1
 .bss.dma_2     0x200019fc        0x4 CMakeFiles/main.dir/DMA/dma.c.obj
                0x200019fc                dma_2
 .bss.drivers   0x20001a00        0x4 CMakeFiles/main.dir/C_/Users/krzys/.pico-sdk/sdk/2.1.1/src/rp2_common/pico_stdio/stdio.c.obj
 .bss.e15_last_sof
                0x20001a04        0x4 CMakeFiles/main.dir/C_/Users/krzys/.pico-sdk/sdk/2.1.1/lib/tinyusb/src/portable/raspberrypi/rp2040/rp2040_usb.c.obj
                0x20001a04                e15_last_sof
 .bss.filter    0x20001a08        0x4 CMakeFiles/main.dir/C_/Users/krzys/.pico-sdk/sdk/2.1.1/src/rp2_common/pico_stdio/stdio.c.obj
 .bss.hw_endpoints
                0x20001a0c      0x400 CMakeFiles/main.dir/C_/Users/krzys/.pico-sdk/sdk/2.1.1/lib/tinyusb/src/portable/raspberrypi/rp2040/dcd_rp2040.c.obj
 .bss.lazy_vsnprintf
                0x20001e0c        0x4 CMakeFiles/main.dir/C_/Users/krzys/.pico-sdk/sdk/2.1.1/src/rp2_common/pico_printf/printf.c.obj
 .bss.load_value
                0x20001e10        0x4 CMakeFiles/main.dir/C_/Users/krzys/.pico-sdk/sdk/2.1.1/src/rp2_common/hardware_watchdog/watchdog.c.obj
 .bss.next_buffer_ptr
                0x20001e14        0x4 CMakeFiles/main.dir/C_/Users/krzys/.pico-sdk/sdk/2.1.1/lib/tinyusb/src/portable/raspberrypi/rp2040/dcd_rp2040.c.obj
 .bss.object.0  0x20001e18       0x18 C:/Users/krzys/.pico-sdk/toolchain/14_2_Rel1/bin/../lib/gcc/arm-none-eabi/14.2.1/thumb/v6-m/nofp/crtbegin.o
 .bss.offset    0x20001e30        0x4 CMakeFiles/main.dir/main.c.obj
                0x20001e30                offset
 .bss.one_shot_timer_crit_sec
                0x20001e34        0x8 CMakeFiles/main.dir/C_/Users/krzys/.pico-sdk/sdk/2.1.1/src/rp2_common/pico_stdio_usb/stdio_usb.c.obj
 .bss.pio       0x20001e3c        0x4 CMakeFiles/main.dir/main.c.obj
                0x20001e3c                pio
 .bss.pools     0x20001e40       0x10 CMakeFiles/main.dir/C_/Users/krzys/.pico-sdk/sdk/2.1.1/src/common/pico_time/time.c.obj
 .bss.retrieved_id
                0x20001e50        0x8 CMakeFiles/main.dir/C_/Users/krzys/.pico-sdk/sdk/2.1.1/src/rp2_common/pico_unique_id/unique_id.c.obj
 .bss.sampleData
                0x20001e58     0x1000 CMakeFiles/main.dir/main.c.obj
                0x20001e58                sampleData
 .bss.sf_clz_func
                0x20002e58        0x4 CMakeFiles/main.dir/C_/Users/krzys/.pico-sdk/sdk/2.1.1/src/rp2_common/pico_double/double_init_rom_rp2040.c.obj
                0x20002e58                sf_clz_func
 .bss.sf_table  0x20002e5c      0x100 CMakeFiles/main.dir/C_/Users/krzys/.pico-sdk/sdk/2.1.1/src/rp2_common/pico_float/float_init_rom_rp2040.c.obj
                0x20002e5c                sf_table
 .bss.sleep_notifier
                0x20002f5c        0x4 CMakeFiles/main.dir/C_/Users/krzys/.pico-sdk/sdk/2.1.1/src/common/pico_time/time.c.obj
 .bss.sm        0x20002f60        0x4 CMakeFiles/main.dir/main.c.obj
                0x20002f60                sm
 .bss.stdio_usb_mutex
                0x20002f64        0x8 CMakeFiles/main.dir/C_/Users/krzys/.pico-sdk/sdk/2.1.1/src/rp2_common/pico_stdio_usb/stdio_usb.c.obj
 .bss.usbd_serial_str
                0x20002f6c       0x11 CMakeFiles/main.dir/C_/Users/krzys/.pico-sdk/sdk/2.1.1/src/rp2_common/pico_stdio_usb/stdio_usb_descriptors.c.obj
 *fill*         0x20002f7d        0x1 
 .bss._claimed  0x20002f7e        0x2 CMakeFiles/main.dir/C_/Users/krzys/.pico-sdk/sdk/2.1.1/src/rp2_common/hardware_dma/dma.c.obj
 .bss._app_driver_count
                0x20002f80        0x1 CMakeFiles/main.dir/C_/Users/krzys/.pico-sdk/sdk/2.1.1/lib/tinyusb/src/device/usbd.c.obj
 .bss._sof_enable
                0x20002f81        0x1 CMakeFiles/main.dir/C_/Users/krzys/.pico-sdk/sdk/2.1.1/lib/tinyusb/src/portable/raspberrypi/rp2040/dcd_rp2040.c.obj
 .bss._transferData
                0x20002f82        0x1 CMakeFiles/main.dir/Communication/communication.c.obj
 .bss._usbd_queued_setup
                0x20002f83        0x1 CMakeFiles/main.dir/C_/Users/krzys/.pico-sdk/sdk/2.1.1/lib/tinyusb/src/device/usbd.c.obj
 .bss.boot2_copyout_valid
                0x20002f84        0x1 CMakeFiles/main.dir/C_/Users/krzys/.pico-sdk/sdk/2.1.1/src/rp2_common/hardware_flash/flash.c.obj
 .bss.irq_handler_chain_free_slot_head
                0x20002f85        0x1 CMakeFiles/main.dir/C_/Users/krzys/.pico-sdk/sdk/2.1.1/src/rp2_common/hardware_irq/irq.c.obj
 .bss.itf_num   0x20002f86        0x1 CMakeFiles/main.dir/C_/Users/krzys/.pico-sdk/sdk/2.1.1/src/rp2_common/pico_stdio_usb/reset_interface.c.obj
 .bss.low_priority_irq_num
                0x20002f87        0x1 CMakeFiles/main.dir/C_/Users/krzys/.pico-sdk/sdk/2.1.1/src/rp2_common/pico_stdio_usb/stdio_usb.c.obj
 .bss.one_shot_timer_pending
                0x20002f88        0x1 CMakeFiles/main.dir/C_/Users/krzys/.pico-sdk/sdk/2.1.1/src/rp2_common/pico_stdio_usb/stdio_usb.c.obj
 .bss.user_irq_claimed
                0x20002f89        0x1 CMakeFiles/main.dir/C_/Users/krzys/.pico-sdk/sdk/2.1.1/src/rp2_common/hardware_irq/irq.c.obj
 *(COMMON)
                0x20002f8c                        . = ALIGN (0x4)
 *fill*         0x20002f8a        0x2 
                0x20002f8c                        __bss_end__ = .

.heap           0x20002f8c      0x800 load address 0x100062c8
                0x20002f8c                        __end__ = .
                0x20002f8c                        end = __end__
 *(.heap*)
 .heap          0x20002f8c      0x800 CMakeFiles/main.dir/C_/Users/krzys/.pico-sdk/sdk/2.1.1/src/rp2_common/pico_crt0/crt0.S.obj
                0x20040000                        __HeapLimit = (ORIGIN (RAM) + LENGTH (RAM))

.scratch_x      0x20040000        0x0 load address 0x100062c8
                0x20040000                        __scratch_x_start__ = .
 *(.scratch_x.*)
                0x20040000                        . = ALIGN (0x4)
                0x20040000                        __scratch_x_end__ = .
                0x100062c8                        __scratch_x_source__ = LOADADDR (.scratch_x)

.scratch_y      0x20041000        0x0 load address 0x100062c8
                0x20041000                        __scratch_y_start__ = .
 *(.scratch_y.*)
                0x20041000                        . = ALIGN (0x4)
                0x20041000                        __scratch_y_end__ = .
                0x100062c8                        __scratch_y_source__ = LOADADDR (.scratch_y)

.stack1_dummy   0x20040000      0x800
 *(.stack1*)
 .stack1        0x20040000      0x800 CMakeFiles/main.dir/C_/Users/krzys/.pico-sdk/sdk/2.1.1/src/rp2_common/pico_multicore/multicore.c.obj

.stack_dummy    0x20041000      0x800
 *(.stack*)
 .stack         0x20041000      0x800 CMakeFiles/main.dir/C_/Users/krzys/.pico-sdk/sdk/2.1.1/src/rp2_common/pico_crt0/crt0.S.obj

.flash_end      0x100062c8        0x0
 *(.embedded_end_block*)
                0x100062c8                        PROVIDE (__flash_binary_end = .)
                0x20040000                        __StackLimit = (ORIGIN (RAM) + LENGTH (RAM))
                0x20041000                        __StackOneTop = (ORIGIN (SCRATCH_X) + LENGTH (SCRATCH_X))
                0x20042000                        __StackTop = (ORIGIN (SCRATCH_Y) + LENGTH (SCRATCH_Y))
                0x20040800                        __StackOneBottom = (__StackOneTop - SIZEOF (.stack1_dummy))
                0x20041800                        __StackBottom = (__StackTop - SIZEOF (.stack_dummy))
                0x20042000                        PROVIDE (__stack = __StackTop)
                [!provide]                        PROVIDE (__heap_start = __end__)
                [!provide]                        PROVIDE (__heap_end = __HeapLimit)
                [!provide]                        PROVIDE (__tls_align = MAX (ALIGNOF (.tdata), ALIGNOF (.tbss)))
                [!provide]                        PROVIDE (__tls_size_align = (((__tls_size + __tls_align) - 0x1) & ~ ((__tls_align - 0x1))))
                [!provide]                        PROVIDE (__arm32_tls_tcb_offset = MAX (0x8, __tls_align))
                [!provide]                        PROVIDE (_end = __end__)
                [!provide]                        PROVIDE (__llvm_libc_heap_limit = __HeapLimit)
                0x00000001                        ASSERT ((__StackLimit >= __HeapLimit), region RAM overflowed)
                0x00000001                        ASSERT (((__binary_info_header_end - __logical_binary_start) <= 0x100), Binary info must be in first 256 bytes of the binary)
LOAD CMakeFiles/main.dir/main.c.obj
LOAD CMakeFiles/main.dir/DMA/dma.c.obj
LOAD CMakeFiles/main.dir/LED/led.c.obj
LOAD CMakeFiles/main.dir/Communication/communication.c.obj
LOAD CMakeFiles/main.dir/ADC/ADC.c.obj
LOAD CMakeFiles/main.dir/C_/Users/krzys/.pico-sdk/sdk/2.1.1/src/rp2_common/pico_stdlib/stdlib.c.obj
LOAD CMakeFiles/main.dir/C_/Users/krzys/.pico-sdk/sdk/2.1.1/src/rp2_common/hardware_gpio/gpio.c.obj
LOAD CMakeFiles/main.dir/C_/Users/krzys/.pico-sdk/sdk/2.1.1/src/rp2040/pico_platform/platform.c.obj
LOAD CMakeFiles/main.dir/C_/Users/krzys/.pico-sdk/sdk/2.1.1/src/rp2_common/pico_platform_panic/panic.c.obj
LOAD CMakeFiles/main.dir/C_/Users/krzys/.pico-sdk/sdk/2.1.1/src/common/hardware_claim/claim.c.obj
LOAD CMakeFiles/main.dir/C_/Users/krzys/.pico-sdk/sdk/2.1.1/src/rp2_common/hardware_sync/sync.c.obj
LOAD CMakeFiles/main.dir/C_/Users/krzys/.pico-sdk/sdk/2.1.1/src/rp2_common/hardware_sync_spin_lock/sync_spin_lock.c.obj
LOAD CMakeFiles/main.dir/C_/Users/krzys/.pico-sdk/sdk/2.1.1/src/rp2_common/hardware_irq/irq.c.obj
LOAD CMakeFiles/main.dir/C_/Users/krzys/.pico-sdk/sdk/2.1.1/src/rp2_common/hardware_irq/irq_handler_chain.S.obj
LOAD CMakeFiles/main.dir/C_/Users/krzys/.pico-sdk/sdk/2.1.1/src/common/pico_sync/sem.c.obj
LOAD CMakeFiles/main.dir/C_/Users/krzys/.pico-sdk/sdk/2.1.1/src/common/pico_sync/lock_core.c.obj
LOAD CMakeFiles/main.dir/C_/Users/krzys/.pico-sdk/sdk/2.1.1/src/common/pico_sync/mutex.c.obj
LOAD CMakeFiles/main.dir/C_/Users/krzys/.pico-sdk/sdk/2.1.1/src/common/pico_sync/critical_section.c.obj
LOAD CMakeFiles/main.dir/C_/Users/krzys/.pico-sdk/sdk/2.1.1/src/common/pico_time/time.c.obj
LOAD CMakeFiles/main.dir/C_/Users/krzys/.pico-sdk/sdk/2.1.1/src/common/pico_time/timeout_helper.c.obj
LOAD CMakeFiles/main.dir/C_/Users/krzys/.pico-sdk/sdk/2.1.1/src/rp2_common/hardware_timer/timer.c.obj
LOAD CMakeFiles/main.dir/C_/Users/krzys/.pico-sdk/sdk/2.1.1/src/common/pico_util/datetime.c.obj
LOAD CMakeFiles/main.dir/C_/Users/krzys/.pico-sdk/sdk/2.1.1/src/common/pico_util/pheap.c.obj
LOAD CMakeFiles/main.dir/C_/Users/krzys/.pico-sdk/sdk/2.1.1/src/common/pico_util/queue.c.obj
LOAD CMakeFiles/main.dir/C_/Users/krzys/.pico-sdk/sdk/2.1.1/src/rp2_common/hardware_uart/uart.c.obj
LOAD CMakeFiles/main.dir/C_/Users/krzys/.pico-sdk/sdk/2.1.1/src/rp2_common/hardware_clocks/clocks.c.obj
LOAD CMakeFiles/main.dir/C_/Users/krzys/.pico-sdk/sdk/2.1.1/src/rp2_common/hardware_pll/pll.c.obj
LOAD CMakeFiles/main.dir/C_/Users/krzys/.pico-sdk/sdk/2.1.1/src/rp2_common/hardware_vreg/vreg.c.obj
LOAD CMakeFiles/main.dir/C_/Users/krzys/.pico-sdk/sdk/2.1.1/src/rp2_common/hardware_watchdog/watchdog.c.obj
LOAD CMakeFiles/main.dir/C_/Users/krzys/.pico-sdk/sdk/2.1.1/src/rp2_common/hardware_ticks/ticks.c.obj
LOAD CMakeFiles/main.dir/C_/Users/krzys/.pico-sdk/sdk/2.1.1/src/rp2_common/pico_bootrom/bootrom.c.obj
LOAD CMakeFiles/main.dir/C_/Users/krzys/.pico-sdk/sdk/2.1.1/src/rp2_common/pico_bootrom/bootrom_lock.c.obj
LOAD CMakeFiles/main.dir/C_/Users/krzys/.pico-sdk/sdk/2.1.1/src/rp2_common/hardware_boot_lock/boot_lock.c.obj
LOAD CMakeFiles/main.dir/C_/Users/krzys/.pico-sdk/sdk/2.1.1/src/rp2_common/pico_flash/flash.c.obj
LOAD CMakeFiles/main.dir/C_/Users/krzys/.pico-sdk/sdk/2.1.1/src/rp2_common/hardware_xosc/xosc.c.obj
LOAD CMakeFiles/main.dir/C_/Users/krzys/.pico-sdk/sdk/2.1.1/src/rp2_common/hardware_divider/divider.S.obj
LOAD CMakeFiles/main.dir/C_/Users/krzys/.pico-sdk/sdk/2.1.1/src/rp2_common/pico_runtime/runtime.c.obj
LOAD CMakeFiles/main.dir/C_/Users/krzys/.pico-sdk/sdk/2.1.1/src/rp2_common/pico_runtime_init/runtime_init.c.obj
LOAD CMakeFiles/main.dir/C_/Users/krzys/.pico-sdk/sdk/2.1.1/src/rp2_common/pico_runtime_init/runtime_init_clocks.c.obj
LOAD CMakeFiles/main.dir/C_/Users/krzys/.pico-sdk/sdk/2.1.1/src/rp2_common/pico_runtime_init/runtime_init_stack_guard.c.obj
LOAD CMakeFiles/main.dir/C_/Users/krzys/.pico-sdk/sdk/2.1.1/src/rp2_common/pico_bit_ops/bit_ops_aeabi.S.obj
LOAD CMakeFiles/main.dir/C_/Users/krzys/.pico-sdk/sdk/2.1.1/src/rp2_common/pico_divider/divider_hardware.S.obj
LOAD CMakeFiles/main.dir/C_/Users/krzys/.pico-sdk/sdk/2.1.1/src/rp2_common/pico_double/double_aeabi_rp2040.S.obj
LOAD CMakeFiles/main.dir/C_/Users/krzys/.pico-sdk/sdk/2.1.1/src/rp2_common/pico_double/double_init_rom_rp2040.c.obj
LOAD CMakeFiles/main.dir/C_/Users/krzys/.pico-sdk/sdk/2.1.1/src/rp2_common/pico_double/double_math.c.obj
LOAD CMakeFiles/main.dir/C_/Users/krzys/.pico-sdk/sdk/2.1.1/src/rp2_common/pico_double/double_v1_rom_shim_rp2040.S.obj
LOAD CMakeFiles/main.dir/C_/Users/krzys/.pico-sdk/sdk/2.1.1/src/rp2_common/pico_int64_ops/pico_int64_ops_aeabi.S.obj
LOAD CMakeFiles/main.dir/C_/Users/krzys/.pico-sdk/sdk/2.1.1/src/rp2_common/pico_float/float_aeabi_rp2040.S.obj
LOAD CMakeFiles/main.dir/C_/Users/krzys/.pico-sdk/sdk/2.1.1/src/rp2_common/pico_float/float_init_rom_rp2040.c.obj
LOAD CMakeFiles/main.dir/C_/Users/krzys/.pico-sdk/sdk/2.1.1/src/rp2_common/pico_float/float_math.c.obj
LOAD CMakeFiles/main.dir/C_/Users/krzys/.pico-sdk/sdk/2.1.1/src/rp2_common/pico_float/float_v1_rom_shim_rp2040.S.obj
LOAD CMakeFiles/main.dir/C_/Users/krzys/.pico-sdk/sdk/2.1.1/src/rp2_common/pico_malloc/malloc.c.obj
LOAD CMakeFiles/main.dir/C_/Users/krzys/.pico-sdk/sdk/2.1.1/src/rp2_common/pico_mem_ops/mem_ops_aeabi.S.obj
LOAD CMakeFiles/main.dir/C_/Users/krzys/.pico-sdk/sdk/2.1.1/src/rp2_common/pico_atomic/atomic.c.obj
LOAD CMakeFiles/main.dir/C_/Users/krzys/.pico-sdk/sdk/2.1.1/src/rp2_common/pico_cxx_options/new_delete.cpp.obj
LOAD CMakeFiles/main.dir/C_/Users/krzys/.pico-sdk/sdk/2.1.1/src/rp2_common/pico_standard_binary_info/standard_binary_info.c.obj
LOAD CMakeFiles/main.dir/C_/Users/krzys/.pico-sdk/sdk/2.1.1/src/rp2_common/pico_printf/printf.c.obj
LOAD CMakeFiles/main.dir/C_/Users/krzys/.pico-sdk/sdk/2.1.1/src/rp2_common/pico_crt0/crt0.S.obj
LOAD CMakeFiles/main.dir/C_/Users/krzys/.pico-sdk/sdk/2.1.1/src/rp2_common/pico_clib_interface/newlib_interface.c.obj
LOAD CMakeFiles/main.dir/C_/Users/krzys/.pico-sdk/sdk/2.1.1/src/rp2_common/pico_stdio/stdio.c.obj
LOAD CMakeFiles/main.dir/C_/Users/krzys/.pico-sdk/sdk/2.1.1/src/rp2_common/pico_stdio_usb/reset_interface.c.obj
LOAD CMakeFiles/main.dir/C_/Users/krzys/.pico-sdk/sdk/2.1.1/src/rp2_common/pico_stdio_usb/stdio_usb.c.obj
LOAD CMakeFiles/main.dir/C_/Users/krzys/.pico-sdk/sdk/2.1.1/src/rp2_common/pico_stdio_usb/stdio_usb_descriptors.c.obj
LOAD CMakeFiles/main.dir/C_/Users/krzys/.pico-sdk/sdk/2.1.1/src/rp2_common/pico_unique_id/unique_id.c.obj
LOAD CMakeFiles/main.dir/C_/Users/krzys/.pico-sdk/sdk/2.1.1/src/rp2_common/hardware_flash/flash.c.obj
LOAD CMakeFiles/main.dir/C_/Users/krzys/.pico-sdk/sdk/2.1.1/src/rp2_common/hardware_xip_cache/xip_cache.c.obj
LOAD CMakeFiles/main.dir/C_/Users/krzys/.pico-sdk/sdk/2.1.1/lib/tinyusb/src/portable/raspberrypi/rp2040/dcd_rp2040.c.obj
LOAD CMakeFiles/main.dir/C_/Users/krzys/.pico-sdk/sdk/2.1.1/lib/tinyusb/src/portable/raspberrypi/rp2040/rp2040_usb.c.obj
LOAD CMakeFiles/main.dir/C_/Users/krzys/.pico-sdk/sdk/2.1.1/lib/tinyusb/src/device/usbd.c.obj
LOAD CMakeFiles/main.dir/C_/Users/krzys/.pico-sdk/sdk/2.1.1/lib/tinyusb/src/device/usbd_control.c.obj
LOAD CMakeFiles/main.dir/C_/Users/krzys/.pico-sdk/sdk/2.1.1/lib/tinyusb/src/class/audio/audio_device.c.obj
LOAD CMakeFiles/main.dir/C_/Users/krzys/.pico-sdk/sdk/2.1.1/lib/tinyusb/src/class/cdc/cdc_device.c.obj
LOAD CMakeFiles/main.dir/C_/Users/krzys/.pico-sdk/sdk/2.1.1/lib/tinyusb/src/class/dfu/dfu_device.c.obj
LOAD CMakeFiles/main.dir/C_/Users/krzys/.pico-sdk/sdk/2.1.1/lib/tinyusb/src/class/dfu/dfu_rt_device.c.obj
LOAD CMakeFiles/main.dir/C_/Users/krzys/.pico-sdk/sdk/2.1.1/lib/tinyusb/src/class/hid/hid_device.c.obj
LOAD CMakeFiles/main.dir/C_/Users/krzys/.pico-sdk/sdk/2.1.1/lib/tinyusb/src/class/midi/midi_device.c.obj
LOAD CMakeFiles/main.dir/C_/Users/krzys/.pico-sdk/sdk/2.1.1/lib/tinyusb/src/class/msc/msc_device.c.obj
LOAD CMakeFiles/main.dir/C_/Users/krzys/.pico-sdk/sdk/2.1.1/lib/tinyusb/src/class/net/ecm_rndis_device.c.obj
LOAD CMakeFiles/main.dir/C_/Users/krzys/.pico-sdk/sdk/2.1.1/lib/tinyusb/src/class/net/ncm_device.c.obj
LOAD CMakeFiles/main.dir/C_/Users/krzys/.pico-sdk/sdk/2.1.1/lib/tinyusb/src/class/usbtmc/usbtmc_device.c.obj
LOAD CMakeFiles/main.dir/C_/Users/krzys/.pico-sdk/sdk/2.1.1/lib/tinyusb/src/class/vendor/vendor_device.c.obj
LOAD CMakeFiles/main.dir/C_/Users/krzys/.pico-sdk/sdk/2.1.1/lib/tinyusb/src/class/video/video_device.c.obj
LOAD CMakeFiles/main.dir/C_/Users/krzys/.pico-sdk/sdk/2.1.1/lib/tinyusb/src/tusb.c.obj
LOAD CMakeFiles/main.dir/C_/Users/krzys/.pico-sdk/sdk/2.1.1/lib/tinyusb/src/common/tusb_fifo.c.obj
LOAD CMakeFiles/main.dir/C_/Users/krzys/.pico-sdk/sdk/2.1.1/src/rp2_common/pico_fix/rp2040_usb_device_enumeration/rp2040_usb_device_enumeration.c.obj
LOAD CMakeFiles/main.dir/C_/Users/krzys/.pico-sdk/sdk/2.1.1/src/rp2_common/pico_multicore/multicore.c.obj